Archive member included to satisfy reference by file (symbol)

app/libapp.a(main.c.obj)      (--whole-archive)
app/libapp.a(flash_map_extended.c.obj)
                              (--whole-archive)
app/libapp.a(os.c.obj)        (--whole-archive)
app/libapp.a(keys.c.obj)      (--whole-archive)
app/libapp.a(boot_serial_extensions.c.obj)
                              (--whole-archive)
app/libapp.a(image_validate.c.obj)
                              (--whole-archive)
app/libapp.a(tlv.c.obj)       (--whole-archive)
app/libapp.a(encrypted.c.obj)
                              (--whole-archive)
app/libapp.a(image_rsa.c.obj)
                              (--whole-archive)
app/libapp.a(image_ecdsa.c.obj)
                              (--whole-archive)
app/libapp.a(image_ed25519.c.obj)
                              (--whole-archive)
app/libapp.a(bootutil_misc.c.obj)
                              (--whole-archive)
app/libapp.a(fault_injection_hardening.c.obj)
                              (--whole-archive)
app/libapp.a(loader.c.obj)    (--whole-archive)
app/libapp.a(swap_misc.c.obj)
                              (--whole-archive)
app/libapp.a(swap_scratch.c.obj)
                              (--whole-archive)
app/libapp.a(swap_move.c.obj)
                              (--whole-archive)
app/libapp.a(caps.c.obj)      (--whole-archive)
app/libapp.a(autogen-pubkey.c.obj)
                              (--whole-archive)
app/libapp.a(arm_cleanup.c.obj)
                              (--whole-archive)
app/libapp.a(nrf_cleanup.c.obj)
                              (--whole-archive)
zephyr/libzephyr.a(base64.c.obj)
                              (--whole-archive)
zephyr/libzephyr.a(cbprintf_packaged.c.obj)
                              (--whole-archive)
zephyr/libzephyr.a(dec.c.obj)
                              (--whole-archive)
zephyr/libzephyr.a(fdtable.c.obj)
                              (--whole-archive)
zephyr/libzephyr.a(hex.c.obj)
                              (--whole-archive)
zephyr/libzephyr.a(printk.c.obj)
                              (--whole-archive)
zephyr/libzephyr.a(rb.c.obj)  (--whole-archive)
zephyr/libzephyr.a(sem.c.obj)
                              (--whole-archive)
zephyr/libzephyr.a(thread_entry.c.obj)
                              (--whole-archive)
zephyr/libzephyr.a(timeutil.c.obj)
                              (--whole-archive)
zephyr/libzephyr.a(heap.c.obj)
                              (--whole-archive)
zephyr/libzephyr.a(heap-validate.c.obj)
                              (--whole-archive)
zephyr/libzephyr.a(bitarray.c.obj)
                              (--whole-archive)
zephyr/libzephyr.a(multi_heap.c.obj)
                              (--whole-archive)
zephyr/libzephyr.a(onoff.c.obj)
                              (--whole-archive)
zephyr/libzephyr.a(notify.c.obj)
                              (--whole-archive)
zephyr/libzephyr.a(crc32c_sw.c.obj)
                              (--whole-archive)
zephyr/libzephyr.a(crc32_sw.c.obj)
                              (--whole-archive)
zephyr/libzephyr.a(crc16_sw.c.obj)
                              (--whole-archive)
zephyr/libzephyr.a(crc8_sw.c.obj)
                              (--whole-archive)
zephyr/libzephyr.a(crc7_sw.c.obj)
                              (--whole-archive)
zephyr/libzephyr.a(cbprintf_nano.c.obj)
                              (--whole-archive)
zephyr/libzephyr.a(cbprintf.c.obj)
                              (--whole-archive)
zephyr/libzephyr.a(ring_buffer.c.obj)
                              (--whole-archive)
zephyr/libzephyr.a(assert.c.obj)
                              (--whole-archive)
zephyr/libzephyr.a(reboot.c.obj)
                              (--whole-archive)
zephyr/libzephyr.a(configs.c.obj)
                              (--whole-archive)
zephyr/libzephyr.a(soc.c.obj)
                              (--whole-archive)
zephyr/libzephyr.a(soc_nrf_common.S.obj)
                              (--whole-archive)
zephyr/libzephyr.a(validate_base_addresses.c.obj)
                              (--whole-archive)
zephyr/libzephyr.a(validate_enabled_instances.c.obj)
                              (--whole-archive)
zephyr/libzephyr.a(flash_map.c.obj)
                              (--whole-archive)
zephyr/libzephyr.a(flash_map_layout.c.obj)
                              (--whole-archive)
zephyr/libzephyr.a(tracing_none.c.obj)
                              (--whole-archive)
zephyr/libzephyr.a(usb_device.c.obj)
                              (--whole-archive)
zephyr/libzephyr.a(usb_descriptor.c.obj)
                              (--whole-archive)
zephyr/libzephyr.a(usb_transfer.c.obj)
                              (--whole-archive)
zephyr/libzephyr.a(cdc_acm.c.obj)
                              (--whole-archive)
zephyr/libzephyr.a(usb_work_q.c.obj)
                              (--whole-archive)
zephyr/libzephyr.a(flash_map_partition_manager.c.obj)
                              (--whole-archive)
[...]
Memory Configuration

Name             Origin             Length             Attributes
FLASH            0x0000000000000000 0x0000000000010000 xr
RAM              0x0000000020002000 0x000000000006e000 xw
IDT_LIST         0x00000000fffff7ff 0x0000000000000800 xw
*default*        0x0000000000000000 0xffffffffffffffff

Linker script and memory map

LOAD zephyr/CMakeFiles/zephyr_pre1.dir/misc/empty_file.c.obj
LOAD zephyr/CMakeFiles/zephyr_pre1.dir/dev_handles.c.obj
LOAD app/libapp.a
LOAD zephyr/libzephyr.a
LOAD zephyr/arch/common/libarch__common.a
LOAD zephyr/arch/arch/arm/core/aarch32/libarch__arm__core__aarch32.a
LOAD zephyr/arch/arch/arm/core/aarch32/cortex_m/libarch__arm__core__aarch32__cortex_m.a
LOAD zephyr/arch/arch/arm/core/aarch32/cortex_m/cmse/libarch__arm__core__aarch32__cortex_m__cmse.a
LOAD zephyr/arch/arch/arm/core/aarch32/mpu/libarch__arm__core__aarch32__mpu.a
LOAD zephyr/lib/libc/minimal/liblib__libc__minimal.a
LOAD zephyr/lib/libc/common/liblib__libc__common.a
LOAD zephyr/soc/arm/common/cortex_m/libsoc__arm__common__cortex_m.a
LOAD zephyr/boards/boards/arm/thingy53_nrf5340_cpuapp/libboards__arm__thingy53_nrf5340.a
LOAD zephyr/drivers/usb/device/libdrivers__usb__device.a
LOAD zephyr/drivers/clock_control/libdrivers__clock_control.a
LOAD zephyr/drivers/flash/libdrivers__flash.a
LOAD zephyr/drivers/gpio/libdrivers__gpio.a
LOAD zephyr/drivers/hwinfo/libdrivers__hwinfo.a
LOAD zephyr/drivers/pinctrl/libdrivers__pinctrl.a
LOAD zephyr/drivers/regulator/libdrivers__regulator.a
LOAD zephyr/drivers/serial/libdrivers__serial.a
LOAD zephyr/drivers/timer/libdrivers__timer.a
LOAD modules/nrf/lib/fprotect/lib..__nrf__lib__fprotect.a
LOAD modules/nrf/subsys/pcd/lib..__nrf__subsys__pcd.a
LOAD modules/nrf/modules/mcuboot/hooks/lib..__nrf__modules__mcuboot__hooks.a
LOAD modules/nrf/drivers/hw_cc310/lib..__nrf__drivers__hw_cc310.a
LOAD modules/mcuboot/boot/bootutil/zephyr/libmcuboot_util.a
LOAD modules/mbedtls/libmbedTLSBase.a
LOAD modules/mbedtls/libmbedTLSCrypto.a
LOAD modules/mbedtls/libmbedTLSX509.a
LOAD modules/mbedtls/libmodules__mbedtls.a
LOAD modules/hal_nordic/nrfx/libmodules__hal_nordic__nrfx.a
LOAD modules/zcbor/libmodules__zcbor.a
LOAD zephyr/kernel/libkernel.a
LOAD zephyr/CMakeFiles/offsets.dir/./arch/arm/core/offsets/offsets.c.obj
LOAD /home/ncs/toolchains/19bd58cb6a/opt/zephyr-sdk/arm-zephyr-eabi/bin/../lib/gcc/arm-zephyr-eabi/12.2.0/thumb/v8-m.main/nofp/libgcc.a
LOAD zephyr/arch/common/libisr_tables.a
LOAD modules/mbedtls/libmbedTLSBase.a
LOAD modules/mbedtls/libmbedTLSCrypto.a
LOAD modules/mbedtls/libmbedTLSX509.a
LOAD /work/nrfconnect/nrfxlib/crypto/nrf_cc312_platform/lib/cortex-m33/soft-float/no-interrupts/libnrf_cc312_platform_0.9.17.a
                0x0000000000000020                _region_min_align = 0x20

.rel.plt        0x0000000000000000        0x0
 *(SORT_BY_ALIGNMENT(.rel.plt))
                [!provide]                        PROVIDE (__rel_iplt_start = .)
 *(SORT_BY_ALIGNMENT(.rel.iplt))
 .rel.iplt      0x0000000000000000        0x0 app/libapp.a(main.c.obj)
                [!provide]                        PROVIDE (__rel_iplt_end = .)

.rela.plt       0x0000000000000000        0x0
 *(SORT_BY_ALIGNMENT(.rela.plt))
                [!provide]                        PROVIDE (__rela_iplt_start = .)
 *(SORT_BY_ALIGNMENT(.rela.iplt))
                [!provide]                        PROVIDE (__rela_iplt_end = .)

.rel.dyn
 *(SORT_BY_ALIGNMENT(.rel.*))

.rela.dyn
 *(SORT_BY_ALIGNMENT(.rela.*))

/DISCARD/
 *(SORT_BY_ALIGNMENT(.plt))

/DISCARD/
 *(SORT_BY_ALIGNMENT(.iplt))
                0x0000000000000000                __rom_region_start = 0x0

rom_start       0x0000000000000000      0x154
                0x0000000000000000                . = 0x0
                0x0000000000000000                . = ALIGN (0x4)
                0x0000000000000000                . = ALIGN (0x80)
                0x0000000000000000                . = ALIGN (0x200)
                0x0000000000000000                _vector_start = .
 *(SORT_BY_ALIGNMENT(.exc_vector_table))
 *(SORT_BY_ALIGNMENT(.exc_vector_table.*))
 .exc_vector_table._vector_table_section
                0x0000000000000000       0x40 zephyr/arch/arch/arm/core/aarch32/cortex_m/libarch__arm__core__aarch32__cortex_m.a(vector_table.S.obj)
                0x0000000000000000                _vector_table
 *(SORT_BY_ALIGNMENT(.vectors))
                0x0000000000000154                _vector_end = .
                0x0000000000000040                . = ALIGN (0x4)
 *(SORT_BY_ALIGNMENT(.gnu.linkonce.irq_vector_table*))
 .gnu.linkonce.irq_vector_table
                0x0000000000000040      0x114 zephyr/arch/common/libisr_tables.a(isr_tables.c.obj)
                0x0000000000000040                _irq_vector_table
                0x0000000000000154                _vector_end = .

text            0x0000000000000154     0xe79c
                0x0000000000000154                __text_region_start = .
 *(SORT_BY_ALIGNMENT(.text))
 .text          0x0000000000000154       0x30 /home/ncs/toolchains/19bd58cb6a/opt/zephyr-sdk/arm-zephyr-eabi/bin/../lib/gcc/arm-zephyr-eabi/12.2.0/thumb/v8-m.main/nofp/libgcc.a(_aeabi_uldivmod.o)
                0x0000000000000154                __aeabi_uldivmod
 .text          0x0000000000000184        0x4 /home/ncs/toolchains/19bd58cb6a/opt/zephyr-sdk/arm-zephyr-eabi/bin/../lib/gcc/arm-zephyr-eabi/12.2.0/thumb/v8-m.main/nofp/libgcc.a(_dvmd_tls.o)
                0x0000000000000184                __aeabi_ldiv0
                0x0000000000000184                __aeabi_idiv0
 .text          0x0000000000000188      0x29c /home/ncs/toolchains/19bd58cb6a/opt/zephyr-sdk/arm-zephyr-eabi/bin/../lib/gcc/arm-zephyr-eabi/12.2.0/thumb/v8-m.main/nofp/libgcc.a(_udivmoddi4.o)
                0x0000000000000188                __udivmoddi4
 *(SORT_BY_ALIGNMENT(.text.*))
 .text.main     0x0000000000000424      0x124 app/libapp.a(main.c.obj)
                0x0000000000000424                main
 .text.flash_area_id_from_direct_image
                0x0000000000000548       0x14 app/libapp.a(flash_map_extended.c.obj)
                0x0000000000000548                flash_area_id_from_direct_image
 .text.os_heap_init
                0x000000000000055c       0x10 app/libapp.a(os.c.obj)
                0x000000000000055c                os_heap_init
 .text.bs_peruser_system_specific
                0x000000000000056c       0x88 app/libapp.a(boot_serial_extensions.c.obj)
                0x000000000000056c                bs_peruser_system_specific
 .text.bootutil_img_validate
                0x00000000000005f4      0x1d8 app/libapp.a(image_validate.c.obj)
                0x00000000000005f4                bootutil_img_validate
 .text.bootutil_verify_sig
                0x00000000000007cc      0x1c8 app/libapp.a(image_rsa.c.obj)
                0x00000000000007cc                bootutil_verify_sig
 .text.boot_validate_slot.isra.0
                0x0000000000000994      0x184 app/libapp.a(loader.c.obj)
 .text.boot_copy_region
                0x0000000000000b18       0xac app/libapp.a(loader.c.obj)
                0x0000000000000b18                boot_copy_region
 .text.context_boot_go
                0x0000000000000bc4      0x644 app/libapp.a(loader.c.obj)
                0x0000000000000bc4                context_boot_go
 .text.boot_go  0x0000000000001208       0x20 app/libapp.a(loader.c.obj)
                0x0000000000001208                boot_go
 .text.cleanup_arm_nvic
                0x0000000000001228       0x38 app/libapp.a(arm_cleanup.c.obj)
                0x0000000000001228                cleanup_arm_nvic
 .text.nrf_cleanup_peripheral
                0x0000000000001260       0x90 app/libapp.a(nrf_cleanup.c.obj)
                0x0000000000001260                nrf_cleanup_peripheral
 .text.base64_encode
                0x00000000000012f0       0xfc zephyr/libzephyr.a(base64.c.obj)
                0x00000000000012f0                base64_encode
 .text.base64_decode
                0x00000000000013ec      0x140 zephyr/libzephyr.a(base64.c.obj)
                0x00000000000013ec                base64_decode
 .text.process_event
                0x000000000000152c      0x21c zephyr/libzephyr.a(onoff.c.obj)
 .text.z_cbvprintf_impl
                0x0000000000001748      0x444 zephyr/libzephyr.a(cbprintf_nano.c.obj)
                0x0000000000001748                z_cbvprintf_impl
 .text.nrf_gpio_pin_control_select.constprop.0
                0x0000000000001b8c       0x1c zephyr/libzephyr.a(soc.c.obj)
 .text.nordicsemi_nrf53_init
                0x0000000000001ba8       0x50 zephyr/libzephyr.a(soc.c.obj)
 .text.z_arm_on_enter_cpu_idle
                0x0000000000001bf8       0x64 zephyr/libzephyr.a(soc.c.obj)
                0x0000000000001bf8                z_arm_on_enter_cpu_idle
 .text.arch_busy_wait
                0x0000000000001c5c       0x24 zephyr/libzephyr.a(soc.c.obj)
                0x0000000000001c5c                arch_busy_wait
 .text.z_arm_platform_init
                0x0000000000001c80        0x4 zephyr/libzephyr.a(soc_nrf_common.S.obj)
                0x0000000000001c80                z_arm_platform_init
 .text.flash_area_open
                0x0000000000001c84       0x50 zephyr/libzephyr.a(flash_map.c.obj)
                0x0000000000001c84                flash_area_open
 .text.flash_area_get_sectors
                0x0000000000001cd4       0x60 zephyr/libzephyr.a(flash_map_layout.c.obj)
                0x0000000000001cd4                flash_area_get_sectors
 .text.class_handler
                0x0000000000001d34       0x40 zephyr/libzephyr.a(usb_device.c.obj)
 .text.custom_handler
                0x0000000000001d74       0x60 zephyr/libzephyr.a(usb_device.c.obj)
 .text.vendor_handler
                0x0000000000001dd4       0x3c zephyr/libzephyr.a(usb_device.c.obj)
 .text.disable_endpoint
                0x0000000000001e10       0x2c zephyr/libzephyr.a(usb_device.c.obj)
 .text.usb_reset_alt_setting
                0x0000000000001e3c       0x10 zephyr/libzephyr.a(usb_device.c.obj)
 .text.is_ep_valid.part.0
                0x0000000000001e4c       0x38 zephyr/libzephyr.a(usb_device.c.obj)
 .text.usb_handle_request.constprop.0
                0x0000000000001e84       0x2c zephyr/libzephyr.a(usb_device.c.obj)
 .text.forward_status_cb
                0x0000000000001eb0       0xac zephyr/libzephyr.a(usb_device.c.obj)
 .text.usb_halt_endpoint_req.isra.0
                0x0000000000001f5c       0x50 zephyr/libzephyr.a(usb_device.c.obj)
 .text.set_endpoint
                0x0000000000001fac       0x84 zephyr/libzephyr.a(usb_device.c.obj)
 .text.usb_handle_standard_request
                0x0000000000002030      0x29c zephyr/libzephyr.a(usb_device.c.obj)
 .text.usb_disable
                0x00000000000022cc       0x60 zephyr/libzephyr.a(usb_device.c.obj)
                0x00000000000022cc                usb_disable
 .text.usb_data_to_host
                0x000000000000232c       0x60 zephyr/libzephyr.a(usb_device.c.obj)
 .text.usb_handle_control_transfer
                0x000000000000238c       0xdc zephyr/libzephyr.a(usb_device.c.obj)
 .text.usb_set_config
                0x0000000000002468       0x2c zephyr/libzephyr.a(usb_device.c.obj)
                0x0000000000002468                usb_set_config
 .text.usb_device_init
                0x0000000000002494       0x28 zephyr/libzephyr.a(usb_device.c.obj)
 .text.usb_enable
                0x00000000000024bc      0x124 zephyr/libzephyr.a(usb_device.c.obj)
                0x00000000000024bc                usb_enable
 .text.usb_update_sn_string_descriptor
                0x00000000000025e0       0x88 zephyr/libzephyr.a(usb_descriptor.c.obj)
                0x00000000000025e0                usb_update_sn_string_descriptor
 .text.usb_get_device_descriptor
                0x0000000000002668      0x1d8 zephyr/libzephyr.a(usb_descriptor.c.obj)
                0x0000000000002668                usb_get_device_descriptor
 .text.usb_ep_get_transfer
                0x0000000000002840       0x2c zephyr/libzephyr.a(usb_transfer.c.obj)
 .text.usb_transfer_work
                0x000000000000286c      0x108 zephyr/libzephyr.a(usb_transfer.c.obj)
 .text.usb_transfer_ep_callback
                0x0000000000002974       0x5c zephyr/libzephyr.a(usb_transfer.c.obj)
                0x0000000000002974                usb_transfer_ep_callback
 .text.usb_transfer
                0x00000000000029d0       0xe4 zephyr/libzephyr.a(usb_transfer.c.obj)
                0x00000000000029d0                usb_transfer
 .text.usb_cancel_transfer
                0x0000000000002ab4       0x3c zephyr/libzephyr.a(usb_transfer.c.obj)
                0x0000000000002ab4                usb_cancel_transfer
 .text.usb_cancel_transfers
                0x0000000000002af0       0x48 zephyr/libzephyr.a(usb_transfer.c.obj)
                0x0000000000002af0                usb_cancel_transfers
 .text.usb_transfer_init
                0x0000000000002b38       0x34 zephyr/libzephyr.a(usb_transfer.c.obj)
                0x0000000000002b38                usb_transfer_init
 .text.cdc_acm_class_handle_req
                0x0000000000002b6c       0x58 zephyr/libzephyr.a(cdc_acm.c.obj)
                0x0000000000002b6c                cdc_acm_class_handle_req
 .text.cdc_acm_int_in
                0x0000000000002bc4       0x18 zephyr/libzephyr.a(cdc_acm.c.obj)
 .text.cdc_acm_irq_rx_enable
                0x0000000000002bdc       0x20 zephyr/libzephyr.a(cdc_acm.c.obj)
 .text.cdc_acm_irq_tx_enable
                0x0000000000002bfc       0x20 zephyr/libzephyr.a(cdc_acm.c.obj)
 .text.cdc_acm_reset_port
                0x0000000000002c1c       0x3c zephyr/libzephyr.a(cdc_acm.c.obj)
 .text.cdc_acm_fifo_fill
                0x0000000000002c58       0x38 zephyr/libzephyr.a(cdc_acm.c.obj)
 .text.cdc_acm_poll_out
                0x0000000000002c90       0x64 zephyr/libzephyr.a(cdc_acm.c.obj)
 .text.tx_work_handler
                0x0000000000002cf4       0x5c zephyr/libzephyr.a(cdc_acm.c.obj)
 .text.cdc_acm_write_cb
                0x0000000000002d50       0x44 zephyr/libzephyr.a(cdc_acm.c.obj)
 .text.cdc_acm_init
                0x0000000000002d94       0x48 zephyr/libzephyr.a(cdc_acm.c.obj)
 .text.cdc_acm_send_notification.isra.0
                0x0000000000002ddc       0x44 zephyr/libzephyr.a(cdc_acm.c.obj)
 .text.cdc_acm_read_cb
                0x0000000000002e20       0x6c zephyr/libzephyr.a(cdc_acm.c.obj)
 .text.cdc_acm_dev_status_cb
                0x0000000000002e8c       0x88 zephyr/libzephyr.a(cdc_acm.c.obj)
 .text.z_usb_work_q_init
                0x0000000000002f14       0x34 zephyr/libzephyr.a(usb_work_q.c.obj)
 .text.nrf_cc3xx_platform_abort_init
                0x0000000000002f48        0xc zephyr/libzephyr.a(nrf_cc3xx_platform_abort_zephyr.c.obj)
                0x0000000000002f48                nrf_cc3xx_platform_abort_init
 .text.mutex_free_platform
                0x0000000000002f54       0x54 zephyr/libzephyr.a(nrf_cc3xx_platform_mutex_zephyr.c.obj)
 .text.mutex_lock_platform
                0x0000000000002fa8       0x74 zephyr/libzephyr.a(nrf_cc3xx_platform_mutex_zephyr.c.obj)
 .text.mutex_unlock_platform
                0x000000000000301c       0x68 zephyr/libzephyr.a(nrf_cc3xx_platform_mutex_zephyr.c.obj)
 .text.mutex_init_platform
                0x0000000000003084       0x94 zephyr/libzephyr.a(nrf_cc3xx_platform_mutex_zephyr.c.obj)
 .text.nrf_cc3xx_platform_mutex_init
                0x0000000000003118       0x2c zephyr/libzephyr.a(nrf_cc3xx_platform_mutex_zephyr.c.obj)
                0x0000000000003118                nrf_cc3xx_platform_mutex_init
 .text.boot_uart_fifo_callback
                0x0000000000003144       0xa0 zephyr/libzephyr.a(serial_adapter.c.obj)
 .text.console_out
                0x00000000000031e4       0x18 zephyr/libzephyr.a(serial_adapter.c.obj)
                0x00000000000031e4                console_out
 .text.console_read
                0x00000000000031fc       0x94 zephyr/libzephyr.a(serial_adapter.c.obj)
                0x00000000000031fc                console_read
 .text.boot_console_init
                0x0000000000003290       0xb0 zephyr/libzephyr.a(serial_adapter.c.obj)
                0x0000000000003290                boot_console_init
 .text.boot_serial_output
                0x0000000000003340      0x13c zephyr/libzephyr.a(boot_serial.c.obj)
 .text.boot_serial_in_dec.constprop.0
                0x000000000000347c       0x68 zephyr/libzephyr.a(boot_serial.c.obj)
 .text.zcbor_tstr_encode_ptr.constprop.0.isra.0
                0x00000000000034e4       0x18 zephyr/libzephyr.a(boot_serial.c.obj)
 .text.bs_upload
                0x00000000000034fc      0x294 zephyr/libzephyr.a(boot_serial.c.obj)
 .text.bs_rc_rsp
                0x0000000000003790       0x38 zephyr/libzephyr.a(boot_serial.c.obj)
 .text.reset_cbor_state
                0x00000000000037c8       0x24 zephyr/libzephyr.a(boot_serial.c.obj)
                0x00000000000037c8                reset_cbor_state
 .text.boot_serial_input
                0x00000000000037ec      0x290 zephyr/libzephyr.a(boot_serial.c.obj)
                0x00000000000037ec                boot_serial_input
 .text.boot_serial_start
                0x0000000000003a7c       0xe4 zephyr/libzephyr.a(boot_serial.c.obj)
                0x0000000000003a7c                boot_serial_start
 .text.z_arm_cpu_idle_init
                0x0000000000003b60        0xc zephyr/arch/arch/arm/core/aarch32/libarch__arm__core__aarch32.a(cpu_idle.S.obj)
                0x0000000000003b60                z_arm_cpu_idle_init
 .text.arch_cpu_idle
                0x0000000000003b6c       0x28 zephyr/arch/arch/arm/core/aarch32/libarch__arm__core__aarch32.a(cpu_idle.S.obj)
                0x0000000000003b6c                arch_cpu_idle
 .text.arch_cpu_atomic_idle
                0x0000000000003b94       0x24 zephyr/arch/arch/arm/core/aarch32/libarch__arm__core__aarch32.a(cpu_idle.S.obj)
                0x0000000000003b94                arch_cpu_atomic_idle
 .text.arch_irq_enable
                0x0000000000003bb8       0x1c zephyr/arch/arch/arm/core/aarch32/libarch__arm__core__aarch32.a(irq_manage.c.obj)
                0x0000000000003bb8                arch_irq_enable
 .text.arch_irq_disable
                0x0000000000003bd4       0x28 zephyr/arch/arch/arm/core/aarch32/libarch__arm__core__aarch32.a(irq_manage.c.obj)
                0x0000000000003bd4                arch_irq_disable
 .text.arch_irq_is_enabled
                0x0000000000003bfc       0x1c zephyr/arch/arch/arm/core/aarch32/libarch__arm__core__aarch32.a(irq_manage.c.obj)
                0x0000000000003bfc                arch_irq_is_enabled
 .text.z_arm_irq_priority_set
                0x0000000000003c18       0x2c zephyr/arch/arch/arm/core/aarch32/libarch__arm__core__aarch32.a(irq_manage.c.obj)
                0x0000000000003c18                z_arm_irq_priority_set
 .text.z_SysNmiOnReset
                0x0000000000003c44        0x8 zephyr/arch/arch/arm/core/aarch32/libarch__arm__core__aarch32.a(nmi_on_reset.S.obj)
                0x0000000000003c44                z_SysNmiOnReset
 .text.z_arm_prep_c
                0x0000000000003c4c       0x38 zephyr/arch/arch/arm/core/aarch32/libarch__arm__core__aarch32.a(prep_c.c.obj)
                0x0000000000003c4c                z_arm_prep_c
 .text.arch_swap
                0x0000000000003c84       0x34 zephyr/arch/arch/arm/core/aarch32/libarch__arm__core__aarch32.a(swap.c.obj)
                0x0000000000003c84                arch_swap
 .text.z_arm_pendsv
                0x0000000000003cb8       0x58 zephyr/arch/arch/arm/core/aarch32/libarch__arm__core__aarch32.a(swap_helper.S.obj)
                0x0000000000003cb8                z_arm_pendsv
 .text.z_arm_svc
                0x0000000000003d10       0x20 zephyr/arch/arch/arm/core/aarch32/libarch__arm__core__aarch32.a(swap_helper.S.obj)
                0x0000000000003d10                z_arm_svc
 .text.arch_new_thread
                0x0000000000003d30       0x38 zephyr/arch/arch/arm/core/aarch32/libarch__arm__core__aarch32.a(thread.c.obj)
                0x0000000000003d30                arch_new_thread
 .text.arch_switch_to_main_thread
                0x0000000000003d68       0x28 zephyr/arch/arch/arm/core/aarch32/libarch__arm__core__aarch32.a(thread.c.obj)
                0x0000000000003d68                arch_switch_to_main_thread
 .text._isr_wrapper
                0x0000000000003d90       0x28 zephyr/arch/arch/arm/core/aarch32/libarch__arm__core__aarch32.a(isr_wrapper.S.obj)
                0x0000000000003d90                _isr_wrapper
 .text._HandlerModeExit
                0x0000000000003db8       0x1c zephyr/arch/arch/arm/core/aarch32/cortex_m/libarch__arm__core__aarch32__cortex_m.a(exc_exit.S.obj)
                0x0000000000003db8                z_arm_exc_exit
                0x0000000000003db8                z_arm_int_exit
 .text.usage_fault.constprop.0
                0x0000000000003dd4       0x5c zephyr/arch/arch/arm/core/aarch32/cortex_m/libarch__arm__core__aarch32__cortex_m.a(fault.c.obj)
 .text.bus_fault.constprop.0
                0x0000000000003e30       0x68 zephyr/arch/arch/arm/core/aarch32/cortex_m/libarch__arm__core__aarch32__cortex_m.a(fault.c.obj)
 .text.mem_manage_fault.constprop.0
                0x0000000000003e98       0x78 zephyr/arch/arch/arm/core/aarch32/cortex_m/libarch__arm__core__aarch32__cortex_m.a(fault.c.obj)
 .text.z_arm_fault
                0x0000000000003f10      0x118 zephyr/arch/arch/arm/core/aarch32/cortex_m/libarch__arm__core__aarch32__cortex_m.a(fault.c.obj)
                0x0000000000003f10                z_arm_fault
 .text.z_arm_fault_init
                0x0000000000004028       0x18 zephyr/arch/arch/arm/core/aarch32/cortex_m/libarch__arm__core__aarch32__cortex_m.a(fault.c.obj)
                0x0000000000004028                z_arm_fault_init
 .text.__fault  0x0000000000004040       0x14 zephyr/arch/arch/arm/core/aarch32/cortex_m/libarch__arm__core__aarch32__cortex_m.a(fault_s.S.obj)
                0x0000000000004040                z_arm_bus_fault
                0x0000000000004040                z_arm_usage_fault
                0x0000000000004040                z_arm_mpu_fault
                0x0000000000004040                z_arm_exc_spurious
                0x0000000000004040                z_arm_debug_monitor
                0x0000000000004040                z_arm_hard_fault
 .text.z_arm_interrupt_init
                0x0000000000004054       0x18 zephyr/arch/arch/arm/core/aarch32/cortex_m/libarch__arm__core__aarch32__cortex_m.a(irq_init.c.obj)
                0x0000000000004054                z_arm_interrupt_init
 .text._reset_section
                0x000000000000406c       0x60 zephyr/arch/arch/arm/core/aarch32/cortex_m/libarch__arm__core__aarch32__cortex_m.a(reset.S.obj)
                0x000000000000406c                z_arm_reset
                0x000000000000406c                __start
 .text.sys_arch_reboot
                0x00000000000040cc       0x24 zephyr/arch/arch/arm/core/aarch32/cortex_m/libarch__arm__core__aarch32__cortex_m.a(scb.c.obj)
                0x00000000000040cc                sys_arch_reboot
 .text.z_arm_clear_arm_mpu_config
                0x00000000000040f0       0x24 zephyr/arch/arch/arm/core/aarch32/cortex_m/libarch__arm__core__aarch32__cortex_m.a(scb.c.obj)
                0x00000000000040f0                z_arm_clear_arm_mpu_config
 .text.z_arm_init_arch_hw_at_boot
                0x0000000000004114       0x4c zephyr/arch/arch/arm/core/aarch32/cortex_m/libarch__arm__core__aarch32__cortex_m.a(scb.c.obj)
                0x0000000000004114                z_arm_init_arch_hw_at_boot
 .text.z_impl_k_thread_abort
                0x0000000000004160       0x2c zephyr/arch/arch/arm/core/aarch32/cortex_m/libarch__arm__core__aarch32__cortex_m.a(thread_abort.c.obj)
                0x0000000000004160                z_impl_k_thread_abort
 .text.z_arm_configure_static_mpu_regions
                0x000000000000418c       0x38 zephyr/arch/arch/arm/core/aarch32/mpu/libarch__arm__core__aarch32__mpu.a(arm_core_mpu.c.obj)
                0x000000000000418c                z_arm_configure_static_mpu_regions
 .text.region_init
                0x00000000000041c4       0x34 zephyr/arch/arch/arm/core/aarch32/mpu/libarch__arm__core__aarch32__mpu.a(arm_mpu.c.obj)
 .text.mpu_configure_regions_and_partition.constprop.0
                0x00000000000041f8      0x14c zephyr/arch/arch/arm/core/aarch32/mpu/libarch__arm__core__aarch32__mpu.a(arm_mpu.c.obj)
 .text.arm_core_mpu_enable
                0x0000000000004344       0x18 zephyr/arch/arch/arm/core/aarch32/mpu/libarch__arm__core__aarch32__mpu.a(arm_mpu.c.obj)
                0x0000000000004344                arm_core_mpu_enable
 .text.arm_core_mpu_disable
                0x000000000000435c       0x14 zephyr/arch/arch/arm/core/aarch32/mpu/libarch__arm__core__aarch32__mpu.a(arm_mpu.c.obj)
                0x000000000000435c                arm_core_mpu_disable
 .text.arm_core_mpu_configure_static_mpu_regions
                0x0000000000004370       0x14 zephyr/arch/arch/arm/core/aarch32/mpu/libarch__arm__core__aarch32__mpu.a(arm_mpu.c.obj)
                0x0000000000004370                arm_core_mpu_configure_static_mpu_regions
 .text.arm_core_mpu_mark_areas_for_dynamic_regions
                0x0000000000004384       0xb8 zephyr/arch/arch/arm/core/aarch32/mpu/libarch__arm__core__aarch32__mpu.a(arm_mpu.c.obj)
                0x0000000000004384                arm_core_mpu_mark_areas_for_dynamic_regions
 .text.z_arm_mpu_init
                0x000000000000443c       0x4c zephyr/arch/arch/arm/core/aarch32/mpu/libarch__arm__core__aarch32__mpu.a(arm_mpu.c.obj)
                0x000000000000443c                z_arm_mpu_init
 .text.snprintf
                0x0000000000004488       0x34 zephyr/lib/libc/minimal/liblib__libc__minimal.a(sprintf.c.obj)
                0x0000000000004488                snprintf
 .text.usbd_evt_put
                0x00000000000044bc        0xc zephyr/drivers/usb/device/libdrivers__usb__device.a(usb_dc_nrfx.c.obj)
 .text.usbd_work_schedule
                0x00000000000044c8       0x10 zephyr/drivers/usb/device/libdrivers__usb__device.a(usb_dc_nrfx.c.obj)
 .text.endpoint_ctx
                0x00000000000044d8       0x60 zephyr/drivers/usb/device/libdrivers__usb__device.a(usb_dc_nrfx.c.obj)
 .text.usbd_evt_get
                0x0000000000004538       0x10 zephyr/drivers/usb/device/libdrivers__usb__device.a(usb_dc_nrfx.c.obj)
 .text.usbd_evt_flush
                0x0000000000004548       0x1c zephyr/drivers/usb/device/libdrivers__usb__device.a(usb_dc_nrfx.c.obj)
 .text.usbd_evt_alloc
                0x0000000000004564       0x44 zephyr/drivers/usb/device/libdrivers__usb__device.a(usb_dc_nrfx.c.obj)
 .text.submit_dc_power_event
                0x00000000000045a8       0x2c zephyr/drivers/usb/device/libdrivers__usb__device.a(usb_dc_nrfx.c.obj)
 .text.usbd_event_transfer_data
                0x00000000000045d4       0xa8 zephyr/drivers/usb/device/libdrivers__usb__device.a(usb_dc_nrfx.c.obj)
 .text.usb_dc_power_event_handler
                0x000000000000467c       0x38 zephyr/drivers/usb/device/libdrivers__usb__device.a(usb_dc_nrfx.c.obj)
 .text.usb_init
                0x00000000000046b4       0x80 zephyr/drivers/usb/device/libdrivers__usb__device.a(usb_dc_nrfx.c.obj)
 .text.hfxo_stop.constprop.0.isra.0
                0x0000000000004734       0x38 zephyr/drivers/usb/device/libdrivers__usb__device.a(usb_dc_nrfx.c.obj)
 .text.usbd_event_handler
                0x000000000000476c      0x11c zephyr/drivers/usb/device/libdrivers__usb__device.a(usb_dc_nrfx.c.obj)
 .text.eps_ctx_init
                0x0000000000004888       0x68 zephyr/drivers/usb/device/libdrivers__usb__device.a(usb_dc_nrfx.c.obj)
 .text.usbd_work_handler
                0x00000000000048f0      0x2dc zephyr/drivers/usb/device/libdrivers__usb__device.a(usb_dc_nrfx.c.obj)
 .text.usb_dc_attach
                0x0000000000004bcc       0x64 zephyr/drivers/usb/device/libdrivers__usb__device.a(usb_dc_nrfx.c.obj)
                0x0000000000004bcc                usb_dc_attach
 .text.usb_dc_detach
                0x0000000000004c30       0x40 zephyr/drivers/usb/device/libdrivers__usb__device.a(usb_dc_nrfx.c.obj)
                0x0000000000004c30                usb_dc_detach
 .text.usb_dc_set_address
                0x0000000000004c70       0x24 zephyr/drivers/usb/device/libdrivers__usb__device.a(usb_dc_nrfx.c.obj)
                0x0000000000004c70                usb_dc_set_address
 .text.usb_dc_ep_configure
                0x0000000000004c94       0x48 zephyr/drivers/usb/device/libdrivers__usb__device.a(usb_dc_nrfx.c.obj)
                0x0000000000004c94                usb_dc_ep_configure
 .text.usb_dc_ep_set_stall
                0x0000000000004cdc       0x50 zephyr/drivers/usb/device/libdrivers__usb__device.a(usb_dc_nrfx.c.obj)
                0x0000000000004cdc                usb_dc_ep_set_stall
 .text.usb_dc_ep_clear_stall
                0x0000000000004d2c       0x40 zephyr/drivers/usb/device/libdrivers__usb__device.a(usb_dc_nrfx.c.obj)
                0x0000000000004d2c                usb_dc_ep_clear_stall
 .text.usb_dc_ep_is_stalled
                0x0000000000004d6c       0x38 zephyr/drivers/usb/device/libdrivers__usb__device.a(usb_dc_nrfx.c.obj)
                0x0000000000004d6c                usb_dc_ep_is_stalled
 .text.usb_dc_ep_enable
                0x0000000000004da4       0x54 zephyr/drivers/usb/device/libdrivers__usb__device.a(usb_dc_nrfx.c.obj)
                0x0000000000004da4                usb_dc_ep_enable
 .text.usb_dc_ep_write
                0x0000000000004df8       0xf8 zephyr/drivers/usb/device/libdrivers__usb__device.a(usb_dc_nrfx.c.obj)
                0x0000000000004df8                usb_dc_ep_write
 .text.usb_dc_ep_read_wait
                0x0000000000004ef0       0x90 zephyr/drivers/usb/device/libdrivers__usb__device.a(usb_dc_nrfx.c.obj)
                0x0000000000004ef0                usb_dc_ep_read_wait
 .text.usb_dc_ep_read_continue
                0x0000000000004f80       0x84 zephyr/drivers/usb/device/libdrivers__usb__device.a(usb_dc_nrfx.c.obj)
                0x0000000000004f80                usb_dc_ep_read_continue
 .text.usb_dc_ep_set_callback
                0x0000000000005004       0x28 zephyr/drivers/usb/device/libdrivers__usb__device.a(usb_dc_nrfx.c.obj)
                0x0000000000005004                usb_dc_ep_set_callback
 .text.usb_dc_set_status_callback
                0x000000000000502c        0xc zephyr/drivers/usb/device/libdrivers__usb__device.a(usb_dc_nrfx.c.obj)
                0x000000000000502c                usb_dc_set_status_callback
 .text.usb_dc_ep_mps
                0x0000000000005038       0x24 zephyr/drivers/usb/device/libdrivers__usb__device.a(usb_dc_nrfx.c.obj)
                0x0000000000005038                usb_dc_ep_mps
 .text.onoff_stop
                0x000000000000505c       0x30 zephyr/drivers/clock_control/libdrivers__clock_control.a(clock_control_nrf.c.obj)
 .text.onoff_start
                0x000000000000508c       0x44 zephyr/drivers/clock_control/libdrivers__clock_control.a(clock_control_nrf.c.obj)
 .text.clk_init
                0x00000000000050d0       0x64 zephyr/drivers/clock_control/libdrivers__clock_control.a(clock_control_nrf.c.obj)
 .text.clkstarted_handle.constprop.0
                0x0000000000005134       0x34 zephyr/drivers/clock_control/libdrivers__clock_control.a(clock_control_nrf.c.obj)
 .text.clock_event_handler
                0x0000000000005168       0x30 zephyr/drivers/clock_control/libdrivers__clock_control.a(clock_control_nrf.c.obj)
 .text.generic_hfclk_start
                0x0000000000005198       0x64 zephyr/drivers/clock_control/libdrivers__clock_control.a(clock_control_nrf.c.obj)
 .text.api_blocking_start
                0x00000000000051fc       0x34 zephyr/drivers/clock_control/libdrivers__clock_control.a(clock_control_nrf.c.obj)
 .text.generic_hfclk_stop
                0x0000000000005230       0x34 zephyr/drivers/clock_control/libdrivers__clock_control.a(clock_control_nrf.c.obj)
 .text.z_nrf_clock_control_get_onoff
                0x0000000000005264       0x10 zephyr/drivers/clock_control/libdrivers__clock_control.a(clock_control_nrf.c.obj)
                0x0000000000005264                z_nrf_clock_control_get_onoff
 .text.z_nrf_clock_control_lf_on
                0x0000000000005274       0xfc zephyr/drivers/clock_control/libdrivers__clock_control.a(clock_control_nrf.c.obj)
                0x0000000000005274                z_nrf_clock_control_lf_on
 .text.qspi_get_zephyr_ret_code
                0x0000000000005370       0x1c zephyr/drivers/flash/libdrivers__flash.a(nrf_qspi_nor.c.obj)
 .text.qspi_nor_pages_layout
                0x000000000000538c       0x10 zephyr/drivers/flash/libdrivers__flash.a(nrf_qspi_nor.c.obj)
 .text.qspi_flash_get_parameters
                0x000000000000539c        0x8 zephyr/drivers/flash/libdrivers__flash.a(nrf_qspi_nor.c.obj)
 .text.qspi_wait_for_completion.isra.0
                0x00000000000053a4       0x1c zephyr/drivers/flash/libdrivers__flash.a(nrf_qspi_nor.c.obj)
 .text.qspi_device_uninit
                0x00000000000053c0       0x58 zephyr/drivers/flash/libdrivers__flash.a(nrf_qspi_nor.c.obj)
 .text.qspi_device_init
                0x0000000000005418       0x50 zephyr/drivers/flash/libdrivers__flash.a(nrf_qspi_nor.c.obj)
 .text.qspi_nor_erase
                0x0000000000005468       0xf4 zephyr/drivers/flash/libdrivers__flash.a(nrf_qspi_nor.c.obj)
 .text.qspi_nor_init
                0x000000000000555c      0x138 zephyr/drivers/flash/libdrivers__flash.a(nrf_qspi_nor.c.obj)
 .text.qspi_nor_write
                0x0000000000005694      0x11c zephyr/drivers/flash/libdrivers__flash.a(nrf_qspi_nor.c.obj)
 .text.qspi_nor_read
                0x00000000000057b0      0x150 zephyr/drivers/flash/libdrivers__flash.a(nrf_qspi_nor.c.obj)
 .text.flash_sim_page_layout
                0x0000000000005900       0x10 zephyr/drivers/flash/libdrivers__flash.a(flash_simulator.c.obj)
 .text.flash_sim_get_parameters
                0x0000000000005910        0x8 zephyr/drivers/flash/libdrivers__flash.a(flash_simulator.c.obj)
 .text.flash_sim_write
                0x0000000000005918       0x78 zephyr/drivers/flash/libdrivers__flash.a(flash_simulator.c.obj)
 .text.flash_sim_read
                0x0000000000005990       0x28 zephyr/drivers/flash/libdrivers__flash.a(flash_simulator.c.obj)
 .text.flash_sim_erase
                0x00000000000059b8       0x4c zephyr/drivers/flash/libdrivers__flash.a(flash_simulator.c.obj)
 .text.flash_init
                0x0000000000005a04       0x18 zephyr/drivers/flash/libdrivers__flash.a(flash_simulator.c.obj)
 .text.z_impl_flash_simulator_get_memory
                0x0000000000005a1c       0x10 zephyr/drivers/flash/libdrivers__flash.a(flash_simulator.c.obj)
                0x0000000000005a1c                z_impl_flash_simulator_get_memory
 .text.flash_nrf_pages_layout
                0x0000000000005a2c       0x10 zephyr/drivers/flash/libdrivers__flash.a(soc_flash_nrf.c.obj)
 .text.flash_nrf_get_parameters
                0x0000000000005a3c        0x8 zephyr/drivers/flash/libdrivers__flash.a(soc_flash_nrf.c.obj)
 .text.nrf_flash_init
                0x0000000000005a44       0x28 zephyr/drivers/flash/libdrivers__flash.a(soc_flash_nrf.c.obj)
 .text.flash_nrf_erase
                0x0000000000005a6c       0x64 zephyr/drivers/flash/libdrivers__flash.a(soc_flash_nrf.c.obj)
 .text.flash_nrf_write
                0x0000000000005ad0       0x98 zephyr/drivers/flash/libdrivers__flash.a(soc_flash_nrf.c.obj)
 .text.gpio_nrfx_pin_interrupt_configure
                0x0000000000005b68       0xe4 zephyr/drivers/gpio/libdrivers__gpio.a(gpio_nrfx.c.obj)
 .text.gpio_nrfx_init
                0x0000000000005c4c       0x38 zephyr/drivers/gpio/libdrivers__gpio.a(gpio_nrfx.c.obj)
 .text.nrfx_gpio_handler
                0x0000000000005c84       0x4c zephyr/drivers/gpio/libdrivers__gpio.a(gpio_nrfx.c.obj)
 .text.gpio_nrfx_pin_configure
                0x0000000000005cd0      0x124 zephyr/drivers/gpio/libdrivers__gpio.a(gpio_nrfx.c.obj)
 .text.nrf_gpio_pin_port_decode
                0x0000000000005df4       0x24 zephyr/drivers/pinctrl/libdrivers__pinctrl.a(pinctrl_nrf.c.obj)
 .text.pinctrl_configure_pins
                0x0000000000005e18      0x178 zephyr/drivers/pinctrl/libdrivers__pinctrl.a(pinctrl_nrf.c.obj)
                0x0000000000005e18                pinctrl_configure_pins
 .text.regulator_fixed_enable
                0x0000000000005f90       0x40 zephyr/drivers/regulator/libdrivers__regulator.a(regulator_fixed.c.obj)
 .text.compare_int_lock
                0x0000000000005fd0       0x40 zephyr/drivers/timer/libdrivers__timer.a(nrf_rtc_timer.c.obj)
 .text.sys_clock_timeout_handler
                0x0000000000006010       0x48 zephyr/drivers/timer/libdrivers__timer.a(nrf_rtc_timer.c.obj)
 .text.compare_int_unlock
                0x0000000000006058       0x4c zephyr/drivers/timer/libdrivers__timer.a(nrf_rtc_timer.c.obj)
 .text.z_nrf_rtc_timer_read
                0x00000000000060a4       0x44 zephyr/drivers/timer/libdrivers__timer.a(nrf_rtc_timer.c.obj)
                0x00000000000060a4                z_nrf_rtc_timer_read
 .text.compare_set
                0x00000000000060e8      0x124 zephyr/drivers/timer/libdrivers__timer.a(nrf_rtc_timer.c.obj)
 .text.sys_clock_driver_init
                0x000000000000620c       0x90 zephyr/drivers/timer/libdrivers__timer.a(nrf_rtc_timer.c.obj)
 .text.rtc_nrf_isr
                0x000000000000629c       0xd0 zephyr/drivers/timer/libdrivers__timer.a(nrf_rtc_timer.c.obj)
                0x000000000000629c                rtc_nrf_isr
 .text.sys_clock_set_timeout
                0x000000000000636c       0x64 zephyr/drivers/timer/libdrivers__timer.a(nrf_rtc_timer.c.obj)
                0x000000000000636c                sys_clock_set_timeout
 .text.sys_clock_elapsed
                0x00000000000063d0       0x14 zephyr/drivers/timer/libdrivers__timer.a(nrf_rtc_timer.c.obj)
                0x00000000000063d0                sys_clock_elapsed
 .text.sys_clock_disable
                0x00000000000063e4       0x30 zephyr/drivers/timer/libdrivers__timer.a(nrf_rtc_timer.c.obj)
                0x00000000000063e4                sys_clock_disable
 .text.fprotect_area
                0x0000000000006414       0x3c modules/nrf/lib/fprotect/lib..__nrf__lib__fprotect.a(fprotect_spu.c.obj)
                0x0000000000006414                fprotect_area
 .text.pcd_fw_copy_status_get
                0x0000000000006450       0x24 modules/nrf/subsys/pcd/lib..__nrf__subsys__pcd.a(pcd.c.obj)
                0x0000000000006450                pcd_fw_copy_status_get
 .text.network_core_finished_check_handler
                0x0000000000006474       0x20 modules/nrf/subsys/pcd/lib..__nrf__subsys__pcd.a(pcd.c.obj)
 .text.pcd_network_core_update_initiate
                0x0000000000006494       0x64 modules/nrf/subsys/pcd/lib..__nrf__subsys__pcd.a(pcd.c.obj)
                0x0000000000006494                pcd_network_core_update_initiate
 .text.pcd_network_core_update
                0x00000000000064f8       0x6c modules/nrf/subsys/pcd/lib..__nrf__subsys__pcd.a(pcd.c.obj)
                0x00000000000064f8                pcd_network_core_update
 .text.pcd_lock_ram
                0x0000000000006564       0x10 modules/nrf/subsys/pcd/lib..__nrf__subsys__pcd.a(pcd.c.obj)
                0x0000000000006564                pcd_lock_ram
 .text.boot_read_image_header_hook
                0x0000000000006574       0x2c modules/nrf/modules/mcuboot/hooks/lib..__nrf__modules__mcuboot__hooks.a(nrf53_hooks.c.obj)
                0x0000000000006574                boot_read_image_header_hook
 .text.boot_image_check_hook
                0x00000000000065a0       0x14 modules/nrf/modules/mcuboot/hooks/lib..__nrf__modules__mcuboot__hooks.a(nrf53_hooks.c.obj)
                0x00000000000065a0                boot_image_check_hook
 .text.network_core_update
                0x00000000000065b4       0x50 modules/nrf/modules/mcuboot/hooks/lib..__nrf__modules__mcuboot__hooks.a(nrf53_hooks.c.obj)
                0x00000000000065b4                network_core_update
 .text.boot_write_magic
                0x0000000000006604       0x40 modules/mcuboot/boot/bootutil/zephyr/libmcuboot_util.a(bootutil_public.c.obj)
                0x0000000000006604                boot_write_magic
 .text.boot_read_swap_state
                0x0000000000006644       0xac modules/mcuboot/boot/bootutil/zephyr/libmcuboot_util.a(bootutil_public.c.obj)
                0x0000000000006644                boot_read_swap_state
 .text.boot_swap_type_multi
                0x00000000000066f0       0xcc modules/mcuboot/boot/bootutil/zephyr/libmcuboot_util.a(bootutil_public.c.obj)
                0x00000000000066f0                boot_swap_type_multi
 .text.mbedtls_calloc
                0x00000000000067bc        0xc modules/mbedtls/libmbedTLSBase.a(platform.c.obj)
                0x00000000000067bc                mbedtls_calloc
 .text.mbedtls_free
                0x00000000000067c8        0xc modules/mbedtls/libmbedTLSBase.a(platform.c.obj)
                0x00000000000067c8                mbedtls_free
 .text.mbedtls_platform_set_calloc_free
                0x00000000000067d4       0x14 modules/mbedtls/libmbedTLSBase.a(platform.c.obj)
                0x00000000000067d4                mbedtls_platform_set_calloc_free
 .text.verify_header
                0x00000000000067e8       0x40 modules/mbedtls/libmbedTLSBase.a(memory_buffer_alloc.c.obj)
 .text.verify_chain
                0x0000000000006828       0x3c modules/mbedtls/libmbedTLSBase.a(memory_buffer_alloc.c.obj)
 .text.buffer_alloc_calloc
                0x0000000000006864      0x114 modules/mbedtls/libmbedTLSBase.a(memory_buffer_alloc.c.obj)
 .text.buffer_alloc_free
                0x0000000000006978      0x124 modules/mbedtls/libmbedTLSBase.a(memory_buffer_alloc.c.obj)
 .text.mbedtls_memory_buffer_alloc_init
                0x0000000000006a9c       0x68 modules/mbedtls/libmbedTLSBase.a(memory_buffer_alloc.c.obj)
                0x0000000000006a9c                mbedtls_memory_buffer_alloc_init
 .text.rsa_check_context.constprop.0
                0x0000000000006b04       0xb8 modules/mbedtls/libmbedTLSBase.a(rsa.c.obj)
 .text.mbedtls_rsa_check_pubkey
                0x0000000000006bbc       0x4c modules/mbedtls/libmbedTLSBase.a(rsa.c.obj)
                0x0000000000006bbc                mbedtls_rsa_check_pubkey
 .text.mbedtls_rsa_public
                0x0000000000006c08       0x90 modules/mbedtls/libmbedTLSBase.a(rsa.c.obj)
                0x0000000000006c08                mbedtls_rsa_public
 .text.mbedtls_sha256_starts
                0x0000000000006c98       0xcc modules/mbedtls/libmbedTLSBase.a(sha256.c.obj)
                0x0000000000006c98                mbedtls_sha256_starts
 .text.mbedtls_internal_sha256_process
                0x0000000000006d64      0x148 modules/mbedtls/libmbedTLSBase.a(sha256.c.obj)
                0x0000000000006d64                mbedtls_internal_sha256_process
 .text.nrf53_errata_42
                0x0000000000006eac       0x24 modules/hal_nordic/nrfx/libmodules__hal_nordic__nrfx.a(system_nrf5340_application.c.obj)
 .text.SystemInit
                0x0000000000006ed0      0x1c4 modules/hal_nordic/nrfx/libmodules__hal_nordic__nrfx.a(system_nrf5340_application.c.obj)
                0x0000000000006ed0                SystemInit
 .text.nrfx_flag32_alloc
                0x0000000000007094       0x40 modules/hal_nordic/nrfx/libmodules__hal_nordic__nrfx.a(nrfx_flag32_allocator.c.obj)
                0x0000000000007094                nrfx_flag32_alloc
 .text.nrfx_flag32_free
                0x00000000000070d4       0x38 modules/hal_nordic/nrfx/libmodules__hal_nordic__nrfx.a(nrfx_flag32_allocator.c.obj)
                0x00000000000070d4                nrfx_flag32_free
 .text.nrfx_clock_init
                0x000000000000710c       0x20 modules/hal_nordic/nrfx/libmodules__hal_nordic__nrfx.a(nrfx_clock.c.obj)
                0x000000000000710c                nrfx_clock_init
 .text.nrfx_clock_enable
                0x000000000000712c       0x2c modules/hal_nordic/nrfx/libmodules__hal_nordic__nrfx.a(nrfx_clock.c.obj)
                0x000000000000712c                nrfx_clock_enable
 .text.nrfx_clock_irq_handler
                0x0000000000007158       0xb0 modules/hal_nordic/nrfx/libmodules__hal_nordic__nrfx.a(nrfx_clock.c.obj)
                0x0000000000007158                nrfx_clock_irq_handler
 .text.nrf_gpio_pin_port_decode
                0x0000000000007208       0x24 modules/hal_nordic/nrfx/libmodules__hal_nordic__nrfx.a(nrfx_gpiote.c.obj)
 .text.call_handler
                0x000000000000722c       0x3c modules/hal_nordic/nrfx/libmodules__hal_nordic__nrfx.a(nrfx_gpiote.c.obj)
 .text.release_handler
                0x0000000000007268       0x54 modules/hal_nordic/nrfx/libmodules__hal_nordic__nrfx.a(nrfx_gpiote.c.obj)
 .text.__nrfy_internal_gpiote_events_process.constprop.0
                0x00000000000072bc       0x54 modules/hal_nordic/nrfx/libmodules__hal_nordic__nrfx.a(nrfx_gpiote.c.obj)
 .text.nrfx_gpiote_input_configure
                0x0000000000007310      0x158 modules/hal_nordic/nrfx/libmodules__hal_nordic__nrfx.a(nrfx_gpiote.c.obj)
                0x0000000000007310                nrfx_gpiote_input_configure
 .text.nrfx_gpiote_output_configure
                0x0000000000007468       0xe4 modules/hal_nordic/nrfx/libmodules__hal_nordic__nrfx.a(nrfx_gpiote.c.obj)
                0x0000000000007468                nrfx_gpiote_output_configure
 .text.nrfx_gpiote_global_callback_set
                0x000000000000754c        0xc modules/hal_nordic/nrfx/libmodules__hal_nordic__nrfx.a(nrfx_gpiote.c.obj)
                0x000000000000754c                nrfx_gpiote_global_callback_set
 .text.nrfx_gpiote_channel_get
                0x0000000000007558       0x24 modules/hal_nordic/nrfx/libmodules__hal_nordic__nrfx.a(nrfx_gpiote.c.obj)
                0x0000000000007558                nrfx_gpiote_channel_get
 .text.nrfx_gpiote_init
                0x000000000000757c       0x50 modules/hal_nordic/nrfx/libmodules__hal_nordic__nrfx.a(nrfx_gpiote.c.obj)
                0x000000000000757c                nrfx_gpiote_init
 .text.nrfx_gpiote_is_init
                0x00000000000075cc       0x14 modules/hal_nordic/nrfx/libmodules__hal_nordic__nrfx.a(nrfx_gpiote.c.obj)
                0x00000000000075cc                nrfx_gpiote_is_init
 .text.nrfx_gpiote_channel_free
                0x00000000000075e0        0xc modules/hal_nordic/nrfx/libmodules__hal_nordic__nrfx.a(nrfx_gpiote.c.obj)
                0x00000000000075e0                nrfx_gpiote_channel_free
 .text.nrfx_gpiote_channel_alloc
                0x00000000000075ec        0xc modules/hal_nordic/nrfx/libmodules__hal_nordic__nrfx.a(nrfx_gpiote.c.obj)
                0x00000000000075ec                nrfx_gpiote_channel_alloc
 .text.nrfx_gpiote_trigger_enable
                0x00000000000075f8       0x8c modules/hal_nordic/nrfx/libmodules__hal_nordic__nrfx.a(nrfx_gpiote.c.obj)
                0x00000000000075f8                nrfx_gpiote_trigger_enable
 .text.nrfx_gpiote_trigger_disable
                0x0000000000007684       0x44 modules/hal_nordic/nrfx/libmodules__hal_nordic__nrfx.a(nrfx_gpiote.c.obj)
                0x0000000000007684                nrfx_gpiote_trigger_disable
 .text.nrfx_gpiote_pin_uninit
                0x00000000000076c8       0x78 modules/hal_nordic/nrfx/libmodules__hal_nordic__nrfx.a(nrfx_gpiote.c.obj)
                0x00000000000076c8                nrfx_gpiote_pin_uninit
 .text.nrfx_gpiote_irq_handler
                0x0000000000007740      0x194 modules/hal_nordic/nrfx/libmodules__hal_nordic__nrfx.a(nrfx_gpiote.c.obj)
                0x0000000000007740                nrfx_gpiote_irq_handler
 .text.nvmc_readonly_mode_set
                0x00000000000078d4       0x14 modules/hal_nordic/nrfx/libmodules__hal_nordic__nrfx.a(nrfx_nvmc.c.obj)
 .text.nvmc_word_write
                0x00000000000078e8       0x18 modules/hal_nordic/nrfx/libmodules__hal_nordic__nrfx.a(nrfx_nvmc.c.obj)
 .text.nrfx_nvmc_page_erase
                0x0000000000007900       0x3c modules/hal_nordic/nrfx/libmodules__hal_nordic__nrfx.a(nrfx_nvmc.c.obj)
                0x0000000000007900                nrfx_nvmc_page_erase
 .text.nrfx_nvmc_word_write
                0x000000000000793c       0x20 modules/hal_nordic/nrfx/libmodules__hal_nordic__nrfx.a(nrfx_nvmc.c.obj)
                0x000000000000793c                nrfx_nvmc_word_write
 .text.nrfx_nvmc_bytes_write
                0x000000000000795c       0x84 modules/hal_nordic/nrfx/libmodules__hal_nordic__nrfx.a(nrfx_nvmc.c.obj)
                0x000000000000795c                nrfx_nvmc_bytes_write
 .text.nrfx_power_init
                0x00000000000079e0       0x74 modules/hal_nordic/nrfx/libmodules__hal_nordic__nrfx.a(nrfx_power.c.obj)
                0x00000000000079e0                nrfx_power_init
 .text.nrfx_power_irq_handler
                0x0000000000007a54       0x70 modules/hal_nordic/nrfx/libmodules__hal_nordic__nrfx.a(nrfx_power.c.obj)
                0x0000000000007a54                nrfx_power_irq_handler
 .text.qspi_xfer
                0x0000000000007ac4       0xfc modules/hal_nordic/nrfx/libmodules__hal_nordic__nrfx.a(nrfx_qspi.c.obj)
 .text.qspi_ready_wait
                0x0000000000007bc0       0x2c modules/hal_nordic/nrfx/libmodules__hal_nordic__nrfx.a(nrfx_qspi.c.obj)
 .text.qspi_event_xfer_handle.constprop.0
                0x0000000000007bec       0x28 modules/hal_nordic/nrfx/libmodules__hal_nordic__nrfx.a(nrfx_qspi.c.obj)
 .text.nrf_gpio_cfg.constprop.0
                0x0000000000007c14       0x44 modules/hal_nordic/nrfx/libmodules__hal_nordic__nrfx.a(nrfx_qspi.c.obj)
 .text.nrf_qspi_cinstrdata_get.constprop.0
                0x0000000000007c58       0x40 modules/hal_nordic/nrfx/libmodules__hal_nordic__nrfx.a(nrfx_qspi.c.obj)
 .text.nrf_qspi_cinstrdata_set.constprop.0
                0x0000000000007c98       0x64 modules/hal_nordic/nrfx/libmodules__hal_nordic__nrfx.a(nrfx_qspi.c.obj)
 .text.qspi_configure
                0x0000000000007cfc      0x1a4 modules/hal_nordic/nrfx/libmodules__hal_nordic__nrfx.a(nrfx_qspi.c.obj)
 .text.nrfx_qspi_init
                0x0000000000007ea0       0x58 modules/hal_nordic/nrfx/libmodules__hal_nordic__nrfx.a(nrfx_qspi.c.obj)
                0x0000000000007ea0                nrfx_qspi_init
 .text.nrfx_qspi_cinstr_xfer
                0x0000000000007ef8       0x98 modules/hal_nordic/nrfx/libmodules__hal_nordic__nrfx.a(nrfx_qspi.c.obj)
                0x0000000000007ef8                nrfx_qspi_cinstr_xfer
 .text.nrfx_qspi_mem_busy_check
                0x0000000000007f90       0x44 modules/hal_nordic/nrfx/libmodules__hal_nordic__nrfx.a(nrfx_qspi.c.obj)
                0x0000000000007f90                nrfx_qspi_mem_busy_check
 .text.nrfx_qspi_uninit
                0x0000000000007fd4       0x9c modules/hal_nordic/nrfx/libmodules__hal_nordic__nrfx.a(nrfx_qspi.c.obj)
                0x0000000000007fd4                nrfx_qspi_uninit
 .text.nrfx_qspi_erase
                0x0000000000008070       0x64 modules/hal_nordic/nrfx/libmodules__hal_nordic__nrfx.a(nrfx_qspi.c.obj)
                0x0000000000008070                nrfx_qspi_erase
 .text.nrfx_qspi_irq_handler
                0x00000000000080d4       0x68 modules/hal_nordic/nrfx/libmodules__hal_nordic__nrfx.a(nrfx_qspi.c.obj)
                0x00000000000080d4                nrfx_qspi_irq_handler
 .text.ep_state_access
                0x000000000000813c       0x1c modules/hal_nordic/nrfx/libmodules__hal_nordic__nrfx.a(nrfx_usbd.c.obj)
 .text.ev_usbreset_handler
                0x0000000000008158       0x2c modules/hal_nordic/nrfx/libmodules__hal_nordic__nrfx.a(nrfx_usbd.c.obj)
 .text.ev_usbevent_handler
                0x0000000000008184       0x74 modules/hal_nordic/nrfx/libmodules__hal_nordic__nrfx.a(nrfx_usbd.c.obj)
 .text.nrfx_usbd_feeder_flash
                0x00000000000081f8       0x38 modules/hal_nordic/nrfx/libmodules__hal_nordic__nrfx.a(nrfx_usbd.c.obj)
                0x00000000000081f8                nrfx_usbd_feeder_flash
 .text.nrfx_usbd_feeder_flash_zlp
                0x0000000000008230       0x40 modules/hal_nordic/nrfx/libmodules__hal_nordic__nrfx.a(nrfx_usbd.c.obj)
                0x0000000000008230                nrfx_usbd_feeder_flash_zlp
 .text.ev_sof_handler
                0x0000000000008270       0x44 modules/hal_nordic/nrfx/libmodules__hal_nordic__nrfx.a(nrfx_usbd.c.obj)
 .text.atomic_and.constprop.0.isra.0
                0x00000000000082b4       0x18 modules/hal_nordic/nrfx/libmodules__hal_nordic__nrfx.a(nrfx_usbd.c.obj)
 .text.nrf_usbd_epin_dma_handler
                0x00000000000082cc       0x38 modules/hal_nordic/nrfx/libmodules__hal_nordic__nrfx.a(nrfx_usbd.c.obj)
 .text.nrf_usbd_ep0in_dma_handler
                0x0000000000008304       0x2c modules/hal_nordic/nrfx/libmodules__hal_nordic__nrfx.a(nrfx_usbd.c.obj)
 .text.usbd_ep_data_handler
                0x0000000000008330       0x8c modules/hal_nordic/nrfx/libmodules__hal_nordic__nrfx.a(nrfx_usbd.c.obj)
 .text.ev_setup_data_handler
                0x00000000000083bc       0x1c modules/hal_nordic/nrfx/libmodules__hal_nordic__nrfx.a(nrfx_usbd.c.obj)
 .text.ev_dma_epout8_handler
                0x00000000000083d8       0x48 modules/hal_nordic/nrfx/libmodules__hal_nordic__nrfx.a(nrfx_usbd.c.obj)
 .text.ev_dma_epin8_handler
                0x0000000000008420       0x54 modules/hal_nordic/nrfx/libmodules__hal_nordic__nrfx.a(nrfx_usbd.c.obj)
 .text.nrfx_usbd_uninit
                0x0000000000008474       0x14 modules/hal_nordic/nrfx/libmodules__hal_nordic__nrfx.a(nrfx_usbd.c.obj)
                0x0000000000008474                nrfx_usbd_uninit
 .text.nrfx_usbd_enable
                0x0000000000008488       0x6c modules/hal_nordic/nrfx/libmodules__hal_nordic__nrfx.a(nrfx_usbd.c.obj)
                0x0000000000008488                nrfx_usbd_enable
 .text.nrfx_usbd_start
                0x00000000000084f4       0x3c modules/hal_nordic/nrfx/libmodules__hal_nordic__nrfx.a(nrfx_usbd.c.obj)
                0x00000000000084f4                nrfx_usbd_start
 .text.nrfx_usbd_is_enabled
                0x0000000000008530       0x14 modules/hal_nordic/nrfx/libmodules__hal_nordic__nrfx.a(nrfx_usbd.c.obj)
                0x0000000000008530                nrfx_usbd_is_enabled
 .text.nrfx_usbd_suspend
                0x0000000000008544       0x58 modules/hal_nordic/nrfx/libmodules__hal_nordic__nrfx.a(nrfx_usbd.c.obj)
                0x0000000000008544                nrfx_usbd_suspend
 .text.nrfx_usbd_init
                0x000000000000859c       0x84 modules/hal_nordic/nrfx/libmodules__hal_nordic__nrfx.a(nrfx_usbd.c.obj)
                0x000000000000859c                nrfx_usbd_init
 .text.nrfx_usbd_ep_transfer
                0x0000000000008620       0xf8 modules/hal_nordic/nrfx/libmodules__hal_nordic__nrfx.a(nrfx_usbd.c.obj)
                0x0000000000008620                nrfx_usbd_ep_transfer
 .text.nrfx_usbd_epout_size_get
                0x0000000000008718       0x28 modules/hal_nordic/nrfx/libmodules__hal_nordic__nrfx.a(nrfx_usbd.c.obj)
                0x0000000000008718                nrfx_usbd_epout_size_get
 .text.usbd_dmareq_process
                0x0000000000008740      0x174 modules/hal_nordic/nrfx/libmodules__hal_nordic__nrfx.a(nrfx_usbd.c.obj)
 .text.ev_epdata_handler
                0x00000000000088b4       0x44 modules/hal_nordic/nrfx/libmodules__hal_nordic__nrfx.a(nrfx_usbd.c.obj)
 .text.nrf_usbd_epout_dma_handler
                0x00000000000088f8       0x68 modules/hal_nordic/nrfx/libmodules__hal_nordic__nrfx.a(nrfx_usbd.c.obj)
 .text.nrfx_usbd_ep_stall
                0x0000000000008960       0x10 modules/hal_nordic/nrfx/libmodules__hal_nordic__nrfx.a(nrfx_usbd.c.obj)
                0x0000000000008960                nrfx_usbd_ep_stall
 .text.nrfx_usbd_ep_stall_check
                0x0000000000008970       0x34 modules/hal_nordic/nrfx/libmodules__hal_nordic__nrfx.a(nrfx_usbd.c.obj)
                0x0000000000008970                nrfx_usbd_ep_stall_check
 .text.nrfx_usbd_ep_dtoggle_clear
                0x00000000000089a4       0x18 modules/hal_nordic/nrfx/libmodules__hal_nordic__nrfx.a(nrfx_usbd.c.obj)
                0x00000000000089a4                nrfx_usbd_ep_dtoggle_clear
 .text.nrfx_usbd_setup_get
                0x00000000000089bc       0x4c modules/hal_nordic/nrfx/libmodules__hal_nordic__nrfx.a(nrfx_usbd.c.obj)
                0x00000000000089bc                nrfx_usbd_setup_get
 .text.nrfx_usbd_setup_data_clear
                0x0000000000008a08       0x10 modules/hal_nordic/nrfx/libmodules__hal_nordic__nrfx.a(nrfx_usbd.c.obj)
                0x0000000000008a08                nrfx_usbd_setup_data_clear
 .text.ev_dma_epout0_handler
                0x0000000000008a18       0x58 modules/hal_nordic/nrfx/libmodules__hal_nordic__nrfx.a(nrfx_usbd.c.obj)
 .text.nrfx_usbd_setup_clear
                0x0000000000008a70       0x10 modules/hal_nordic/nrfx/libmodules__hal_nordic__nrfx.a(nrfx_usbd.c.obj)
                0x0000000000008a70                nrfx_usbd_setup_clear
 .text.nrfx_usbd_setup_stall
                0x0000000000008a80       0x10 modules/hal_nordic/nrfx/libmodules__hal_nordic__nrfx.a(nrfx_usbd.c.obj)
                0x0000000000008a80                nrfx_usbd_setup_stall
 .text.nrfx_usbd_last_setup_dir_get
                0x0000000000008a90        0xc modules/hal_nordic/nrfx/libmodules__hal_nordic__nrfx.a(nrfx_usbd.c.obj)
                0x0000000000008a90                nrfx_usbd_last_setup_dir_get
 .text.nrfx_usbd_transfer_out_drop
                0x0000000000008a9c       0x54 modules/hal_nordic/nrfx/libmodules__hal_nordic__nrfx.a(nrfx_usbd.c.obj)
                0x0000000000008a9c                nrfx_usbd_transfer_out_drop
 .text.usbd_ep_abort
                0x0000000000008af0       0xf4 modules/hal_nordic/nrfx/libmodules__hal_nordic__nrfx.a(nrfx_usbd.c.obj)
 .text.ev_setup_handler
                0x0000000000008be4       0x68 modules/hal_nordic/nrfx/libmodules__hal_nordic__nrfx.a(nrfx_usbd.c.obj)
 .text.nrfx_usbd_irq_handler
                0x0000000000008c4c       0x7c modules/hal_nordic/nrfx/libmodules__hal_nordic__nrfx.a(nrfx_usbd.c.obj)
                0x0000000000008c4c                nrfx_usbd_irq_handler
 .text.nrfx_usbd_stop
                0x0000000000008cc8       0x80 modules/hal_nordic/nrfx/libmodules__hal_nordic__nrfx.a(nrfx_usbd.c.obj)
                0x0000000000008cc8                nrfx_usbd_stop
 .text.nrfx_usbd_disable
                0x0000000000008d48       0x34 modules/hal_nordic/nrfx/libmodules__hal_nordic__nrfx.a(nrfx_usbd.c.obj)
                0x0000000000008d48                nrfx_usbd_disable
 .text.nrfx_usbd_ep_disable
                0x0000000000008d7c       0x50 modules/hal_nordic/nrfx/libmodules__hal_nordic__nrfx.a(nrfx_usbd.c.obj)
                0x0000000000008d7c                nrfx_usbd_ep_disable
 .text.nrfx_usbd_ep_enable
                0x0000000000008dcc       0xa8 modules/hal_nordic/nrfx/libmodules__hal_nordic__nrfx.a(nrfx_usbd.c.obj)
                0x0000000000008dcc                nrfx_usbd_ep_enable
 .text.nrfx_usbd_ep_stall_clear
                0x0000000000008e74       0x20 modules/hal_nordic/nrfx/libmodules__hal_nordic__nrfx.a(nrfx_usbd.c.obj)
                0x0000000000008e74                nrfx_usbd_ep_stall_clear
 .text.nrfx_usbreg_enable
                0x0000000000008e94       0x10 modules/hal_nordic/nrfx/libmodules__hal_nordic__nrfx.a(nrfx_usbreg.c.obj)
                0x0000000000008e94                nrfx_usbreg_enable
 .text.nrfx_usbreg_disable
                0x0000000000008ea4       0x10 modules/hal_nordic/nrfx/libmodules__hal_nordic__nrfx.a(nrfx_usbreg.c.obj)
                0x0000000000008ea4                nrfx_usbreg_disable
 .text.nrfx_usbreg_uninit
                0x0000000000008eb4       0x20 modules/hal_nordic/nrfx/libmodules__hal_nordic__nrfx.a(nrfx_usbreg.c.obj)
                0x0000000000008eb4                nrfx_usbreg_uninit
 .text.nrfx_usbreg_init
                0x0000000000008ed4       0x30 modules/hal_nordic/nrfx/libmodules__hal_nordic__nrfx.a(nrfx_usbreg.c.obj)
                0x0000000000008ed4                nrfx_usbreg_init
 .text.nrfx_usbreg_irq_handler
                0x0000000000008f04       0x50 modules/hal_nordic/nrfx/libmodules__hal_nordic__nrfx.a(nrfx_usbreg.c.obj)
                0x0000000000008f04                nrfx_usbreg_irq_handler
 .text.get_result_len
                0x0000000000008f54       0x2c modules/zcbor/libmodules__zcbor.a(zcbor_encode.c.obj)
 .text.value_encode_len
                0x0000000000008f80       0x7c modules/zcbor/libmodules__zcbor.a(zcbor_encode.c.obj)
 .text.z_sys_init_run_level
                0x0000000000008ffc       0x48 zephyr/kernel/libkernel.a(init.c.obj)
 .text.bg_thread_main
                0x0000000000009044       0x34 zephyr/kernel/libkernel.a(init.c.obj)
 .text.z_bss_zero
                0x0000000000009078       0x18 zephyr/kernel/libkernel.a(init.c.obj)
                0x0000000000009078                z_bss_zero
 .text.z_init_cpu
                0x0000000000009090       0x7c zephyr/kernel/libkernel.a(init.c.obj)
                0x0000000000009090                z_init_cpu
 .text.z_cstart
                0x000000000000910c       0xdc zephyr/kernel/libkernel.a(init.c.obj)
                0x000000000000910c                z_cstart
 .text.init_mem_slab_module
                0x00000000000091e8       0x24 zephyr/kernel/libkernel.a(mem_slab.c.obj)
 .text.k_mem_slab_alloc
                0x000000000000920c       0x5c zephyr/kernel/libkernel.a(mem_slab.c.obj)
                0x000000000000920c                k_mem_slab_alloc
 .text.z_setup_new_thread
                0x0000000000009268       0x60 zephyr/kernel/libkernel.a(thread.c.obj)
                0x0000000000009268                z_setup_new_thread
 .text.z_impl_k_thread_create
                0x00000000000092c8       0x58 zephyr/kernel/libkernel.a(thread.c.obj)
                0x00000000000092c8                z_impl_k_thread_create
 .text.z_init_static_threads
                0x0000000000009320       0xb8 zephyr/kernel/libkernel.a(thread.c.obj)
                0x0000000000009320                z_init_static_threads
 .text.z_impl_k_mutex_lock
                0x00000000000093d8       0xf4 zephyr/kernel/libkernel.a(mutex.c.obj)
                0x00000000000093d8                z_impl_k_mutex_lock
 .text.z_impl_k_mutex_unlock
                0x00000000000094cc       0x78 zephyr/kernel/libkernel.a(mutex.c.obj)
                0x00000000000094cc                z_impl_k_mutex_unlock
 .text.z_impl_k_queue_get
                0x0000000000009544       0x68 zephyr/kernel/libkernel.a(queue.c.obj)
                0x0000000000009544                z_impl_k_queue_get
 .text.z_impl_k_sem_give
                0x00000000000095ac       0x48 zephyr/kernel/libkernel.a(sem.c.obj)
                0x00000000000095ac                z_impl_k_sem_give
 .text.z_impl_k_sem_take
                0x00000000000095f4       0x50 zephyr/kernel/libkernel.a(sem.c.obj)
                0x00000000000095f4                z_impl_k_sem_take
 .text.work_queue_main
                0x0000000000009644      0x130 zephyr/kernel/libkernel.a(work.c.obj)
 .text.submit_to_queue_locked
                0x0000000000009774       0xb0 zephyr/kernel/libkernel.a(work.c.obj)
 .text.k_work_queue_start
                0x0000000000009824       0x70 zephyr/kernel/libkernel.a(work.c.obj)
                0x0000000000009824                k_work_queue_start
 .text.k_work_schedule_for_queue
                0x0000000000009894       0x54 zephyr/kernel/libkernel.a(work.c.obj)
                0x0000000000009894                k_work_schedule_for_queue
 .text.update_cache
                0x00000000000098e8       0x30 zephyr/kernel/libkernel.a(sched.c.obj)
 .text.unready_thread
                0x0000000000009918       0x30 zephyr/kernel/libkernel.a(sched.c.obj)
 .text.pend_locked
                0x0000000000009948       0x30 zephyr/kernel/libkernel.a(sched.c.obj)
 .text.ready_thread
                0x0000000000009978       0x68 zephyr/kernel/libkernel.a(sched.c.obj)
 .text.z_pend_curr
                0x00000000000099e0       0x30 zephyr/kernel/libkernel.a(sched.c.obj)
                0x00000000000099e0                z_pend_curr
 .text.z_set_prio
                0x0000000000009a10       0x8c zephyr/kernel/libkernel.a(sched.c.obj)
                0x0000000000009a10                z_set_prio
 .text.z_reschedule
                0x0000000000009a9c       0x24 zephyr/kernel/libkernel.a(sched.c.obj)
                0x0000000000009a9c                z_reschedule
 .text.z_sched_start
                0x0000000000009ac0       0x3c zephyr/kernel/libkernel.a(sched.c.obj)
                0x0000000000009ac0                z_sched_start
 .text.z_impl_k_thread_suspend
                0x0000000000009afc       0x64 zephyr/kernel/libkernel.a(sched.c.obj)
                0x0000000000009afc                z_impl_k_thread_suspend
 .text.k_sched_lock
                0x0000000000009b60       0x28 zephyr/kernel/libkernel.a(sched.c.obj)
                0x0000000000009b60                k_sched_lock
 .text.k_sched_unlock
                0x0000000000009b88       0x38 zephyr/kernel/libkernel.a(sched.c.obj)
                0x0000000000009b88                k_sched_unlock
 .text.z_sched_init
                0x0000000000009bc0       0x10 zephyr/kernel/libkernel.a(sched.c.obj)
                0x0000000000009bc0                z_sched_init
 .text.z_impl_k_yield
                0x0000000000009bd0       0x7c zephyr/kernel/libkernel.a(sched.c.obj)
                0x0000000000009bd0                z_impl_k_yield
 .text.z_tick_sleep
                0x0000000000009c4c       0x80 zephyr/kernel/libkernel.a(sched.c.obj)
 .text.z_impl_k_sleep
                0x0000000000009ccc       0x34 zephyr/kernel/libkernel.a(sched.c.obj)
                0x0000000000009ccc                z_impl_k_sleep
 .text.z_impl_k_usleep
                0x0000000000009d00       0x34 zephyr/kernel/libkernel.a(sched.c.obj)
                0x0000000000009d00                z_impl_k_usleep
 .text.z_impl_z_current_get
                0x0000000000009d34        0xc zephyr/kernel/libkernel.a(sched.c.obj)
                0x0000000000009d34                z_impl_z_current_get
 .text.z_thread_abort
                0x0000000000009d40       0xc0 zephyr/kernel/libkernel.a(sched.c.obj)
                0x0000000000009d40                z_thread_abort
 .text.z_sched_wait
                0x0000000000009e00       0x24 zephyr/kernel/libkernel.a(sched.c.obj)
                0x0000000000009e00                z_sched_wait
 .text.z_data_copy
                0x0000000000009e24       0x34 zephyr/kernel/libkernel.a(xip.c.obj)
                0x0000000000009e24                z_data_copy
 .text.elapsed  0x0000000000009e58       0x14 zephyr/kernel/libkernel.a(timeout.c.obj)
 .text.next_timeout
                0x0000000000009e6c       0x40 zephyr/kernel/libkernel.a(timeout.c.obj)
 .text.remove_timeout
                0x0000000000009eac       0x38 zephyr/kernel/libkernel.a(timeout.c.obj)
 .text.z_add_timeout
                0x0000000000009ee4       0xec zephyr/kernel/libkernel.a(timeout.c.obj)
                0x0000000000009ee4                z_add_timeout
 .text.sys_clock_announce
                0x0000000000009fd0       0xd0 zephyr/kernel/libkernel.a(timeout.c.obj)
                0x0000000000009fd0                sys_clock_announce
 .text.sys_clock_tick_get
                0x000000000000a0a0       0x34 zephyr/kernel/libkernel.a(timeout.c.obj)
                0x000000000000a0a0                sys_clock_tick_get
 .text.z_timer_expiration_handler
                0x000000000000a0d4       0xe4 zephyr/kernel/libkernel.a(timer.c.obj)
                0x000000000000a0d4                z_timer_expiration_handler
 .text.z_impl_k_timer_start
                0x000000000000a1b8       0x60 zephyr/kernel/libkernel.a(timer.c.obj)
                0x000000000000a1b8                z_impl_k_timer_start
 .text.z_thread_aligned_alloc
                0x000000000000a218       0x40 zephyr/kernel/libkernel.a(mempool.c.obj)
                0x000000000000a218                z_thread_aligned_alloc
 .text.statics_init
                0x000000000000a258       0x24 zephyr/kernel/libkernel.a(kheap.c.obj)
 .text.k_sys_work_q_init
                0x000000000000a27c       0x34 zephyr/kernel/libkernel.a(system_work_q.c.obj)
 .text.nrf_cc3xx_platform_init_no_rng
                0x000000000000a2b0       0x38 /work/nrfconnect/nrfxlib/crypto/nrf_cc312_platform/lib/cortex-m33/soft-float/no-interrupts/libnrf_cc312_platform_0.9.17.a(nrf_cc3xx_platform.c.obj)
                0x000000000000a2b0                nrf_cc3xx_platform_init_no_rng
 .text.nrf_cc3xx_platform_abort
                0x000000000000a2e8       0x24 /work/nrfconnect/nrfxlib/crypto/nrf_cc312_platform/lib/cortex-m33/soft-float/no-interrupts/libnrf_cc312_platform_0.9.17.a(nrf_cc3xx_platform_abort.c.obj)
 .text.CC_PalAbort
                0x000000000000a30c       0x44 /work/nrfconnect/nrfxlib/crypto/nrf_cc312_platform/lib/cortex-m33/soft-float/no-interrupts/libnrf_cc312_platform_0.9.17.a(nrf_cc3xx_platform_abort.c.obj)
                0x000000000000a30c                CC_PalAbort
 .text.nrf_cc3xx_platform_set_abort
                0x000000000000a350       0x10 /work/nrfconnect/nrfxlib/crypto/nrf_cc312_platform/lib/cortex-m33/soft-float/no-interrupts/libnrf_cc312_platform_0.9.17.a(nrf_cc3xx_platform_abort.c.obj)
                0x000000000000a350                nrf_cc3xx_platform_set_abort
 .text.mutex_free
                0x000000000000a360       0x34 /work/nrfconnect/nrfxlib/crypto/nrf_cc312_platform/lib/cortex-m33/soft-float/no-interrupts/libnrf_cc312_platform_0.9.17.a(nrf_cc3xx_platform_mutex.c.obj)
 .text.mutex_lock
                0x000000000000a394       0x48 /work/nrfconnect/nrfxlib/crypto/nrf_cc312_platform/lib/cortex-m33/soft-float/no-interrupts/libnrf_cc312_platform_0.9.17.a(nrf_cc3xx_platform_mutex.c.obj)
 .text.mutex_unlock
                0x000000000000a3dc       0x38 /work/nrfconnect/nrfxlib/crypto/nrf_cc312_platform/lib/cortex-m33/soft-float/no-interrupts/libnrf_cc312_platform_0.9.17.a(nrf_cc3xx_platform_mutex.c.obj)
 .text.mutex_init
                0x000000000000a414       0x20 /work/nrfconnect/nrfxlib/crypto/nrf_cc312_platform/lib/cortex-m33/soft-float/no-interrupts/libnrf_cc312_platform_0.9.17.a(nrf_cc3xx_platform_mutex.c.obj)
 .text.nrf_cc3xx_platform_set_mutexes
                0x000000000000a434       0x78 /work/nrfconnect/nrfxlib/crypto/nrf_cc312_platform/lib/cortex-m33/soft-float/no-interrupts/libnrf_cc312_platform_0.9.17.a(nrf_cc3xx_platform_mutex.c.obj)
                0x000000000000a434                nrf_cc3xx_platform_set_mutexes
 .text.mbedtls_platform_zeroize
                0x000000000000a4ac       0x14 /work/nrfconnect/nrfxlib/crypto/nrf_cc312_platform/lib/cortex-m33/soft-float/no-interrupts/libnrf_cc312_platform_0.9.17.a(mbedtls_common.c.obj)
                0x000000000000a4ac                mbedtls_platform_zeroize
 .text.CC_LibInitNoRng
                0x000000000000a4c0       0x28 /work/nrfconnect/nrfxlib/crypto/nrf_cc312_platform/lib/cortex-m33/soft-float/no-interrupts/libnrf_cc312_platform_0.9.17.a(cc_lib.c.obj)
                0x000000000000a4c0                CC_LibInitNoRng
 .text.CC_HalInit
                0x000000000000a4e8        0x4 /work/nrfconnect/nrfxlib/crypto/nrf_cc312_platform/lib/cortex-m33/soft-float/no-interrupts/libnrf_cc312_platform_0.9.17.a(cc_hal.c.obj)
                0x000000000000a4e8                CC_HalInit
 .text.CC_PalInit
                0x000000000000a4ec       0x5c /work/nrfconnect/nrfxlib/crypto/nrf_cc312_platform/lib/cortex-m33/soft-float/no-interrupts/libnrf_cc312_platform_0.9.17.a(cc_pal.c.obj)
                0x000000000000a4ec                CC_PalInit
 .text.CC_PalTerminate
                0x000000000000a548       0x34 /work/nrfconnect/nrfxlib/crypto/nrf_cc312_platform/lib/cortex-m33/soft-float/no-interrupts/libnrf_cc312_platform_0.9.17.a(cc_pal.c.obj)
                0x000000000000a548                CC_PalTerminate
 .text.CC_PalDmaInit
                0x000000000000a57c        0x4 /work/nrfconnect/nrfxlib/crypto/nrf_cc312_platform/lib/cortex-m33/soft-float/no-interrupts/libnrf_cc312_platform_0.9.17.a(cc_pal_dma.c.obj)
                0x000000000000a57c                CC_PalDmaInit
 .text.CC_PalDmaTerminate
                0x000000000000a580        0x4 /work/nrfconnect/nrfxlib/crypto/nrf_cc312_platform/lib/cortex-m33/soft-float/no-interrupts/libnrf_cc312_platform_0.9.17.a(cc_pal_dma.c.obj)
                0x000000000000a580                CC_PalDmaTerminate
 .text.CC_PalMutexCreate
                0x000000000000a584       0x14 /work/nrfconnect/nrfxlib/crypto/nrf_cc312_platform/lib/cortex-m33/soft-float/no-interrupts/libnrf_cc312_platform_0.9.17.a(cc_pal_mutex.c.obj)
                0x000000000000a584                CC_PalMutexCreate
 .text.CC_PalMutexDestroy
                0x000000000000a598       0x14 /work/nrfconnect/nrfxlib/crypto/nrf_cc312_platform/lib/cortex-m33/soft-float/no-interrupts/libnrf_cc312_platform_0.9.17.a(cc_pal_mutex.c.obj)
                0x000000000000a598                CC_PalMutexDestroy
 .text.CC_PalPowerSaveModeInit
                0x000000000000a5ac       0x3c /work/nrfconnect/nrfxlib/crypto/nrf_cc312_platform/lib/cortex-m33/soft-float/no-interrupts/libnrf_cc312_platform_0.9.17.a(cc_pal_pm.c.obj)
                0x000000000000a5ac                CC_PalPowerSaveModeInit
 .text.flash_device_base
                0x000000000000a5e8        0xc app/libapp.a(flash_map_extended.c.obj)
                0x000000000000a5e8                flash_device_base
 .text.flash_area_id_from_multi_image_slot
                0x000000000000a5f4       0x2a app/libapp.a(flash_map_extended.c.obj)
                0x000000000000a5f4                flash_area_id_from_multi_image_slot
 .text.flash_area_get_device_id
                0x000000000000a61e        0x4 app/libapp.a(flash_map_extended.c.obj)
                0x000000000000a61e                flash_area_get_device_id
 .text.flash_area_get_sector
                0x000000000000a622       0x32 app/libapp.a(flash_map_extended.c.obj)
                0x000000000000a622                flash_area_get_sector
 .text.bootutil_tlv_iter_begin
                0x000000000000a654       0x9c app/libapp.a(tlv.c.obj)
                0x000000000000a654                bootutil_tlv_iter_begin
 .text.bootutil_tlv_iter_next
                0x000000000000a6f0       0x98 app/libapp.a(tlv.c.obj)
                0x000000000000a6f0                bootutil_tlv_iter_next
 .text.boot_fih_memequal
                0x000000000000a788        0x4 app/libapp.a(bootutil_misc.c.obj)
                0x000000000000a788                boot_fih_memequal
 .text.boot_trailer_sz
                0x000000000000a78c        0xa app/libapp.a(bootutil_misc.c.obj)
                0x000000000000a78c                boot_trailer_sz
 .text.boot_status_off
                0x000000000000a796       0x16 app/libapp.a(bootutil_misc.c.obj)
                0x000000000000a796                boot_status_off
 .text.bootutil_max_image_size
                0x000000000000a7ac        0x4 app/libapp.a(bootutil_misc.c.obj)
                0x000000000000a7ac                bootutil_max_image_size
 .text.boot_initialize_area
                0x000000000000a7b0       0x62 app/libapp.a(loader.c.obj)
 .text.boot_read_sectors
                0x000000000000a812       0x5c app/libapp.a(loader.c.obj)
 .text.boot_read_image_headers
                0x000000000000a86e       0x5e app/libapp.a(loader.c.obj)
 .text.boot_status_reset
                0x000000000000a8cc       0x12 app/libapp.a(loader.c.obj)
                0x000000000000a8cc                boot_status_reset
 .text.boot_status_is_reset
                0x000000000000a8de       0x1a app/libapp.a(loader.c.obj)
                0x000000000000a8de                boot_status_is_reset
 .text.boot_read_image_header
                0x000000000000a8f8       0x38 app/libapp.a(swap_scratch.c.obj)
                0x000000000000a8f8                boot_read_image_header
 .text.boot_slots_compatible
                0x000000000000a930       0x88 app/libapp.a(swap_scratch.c.obj)
                0x000000000000a930                boot_slots_compatible
 .text.z_thread_entry
                0x000000000000a9b8       0x14 zephyr/libzephyr.a(thread_entry.c.obj)
                0x000000000000a9b8                z_thread_entry
 .text.chunk_field
                0x000000000000a9cc       0x16 zephyr/libzephyr.a(heap.c.obj)
 .text.chunk_set
                0x000000000000a9e2       0x16 zephyr/libzephyr.a(heap.c.obj)
 .text.chunk_size
                0x000000000000a9f8        0xc zephyr/libzephyr.a(heap.c.obj)
 .text.set_chunk_used
                0x000000000000aa04       0x30 zephyr/libzephyr.a(heap.c.obj)
 .text.set_chunk_size
                0x000000000000aa34        0x8 zephyr/libzephyr.a(heap.c.obj)
 .text.mem_to_chunkid
                0x000000000000aa3c       0x14 zephyr/libzephyr.a(heap.c.obj)
 .text.bucket_idx.isra.0
                0x000000000000aa50       0x1c zephyr/libzephyr.a(heap.c.obj)
 .text.free_list_remove_bidx
                0x000000000000aa6c       0x5c zephyr/libzephyr.a(heap.c.obj)
 .text.free_list_remove
                0x000000000000aac8       0x2e zephyr/libzephyr.a(heap.c.obj)
 .text.alloc_chunk
                0x000000000000aaf6       0x74 zephyr/libzephyr.a(heap.c.obj)
 .text.split_chunks
                0x000000000000ab6a       0x4e zephyr/libzephyr.a(heap.c.obj)
 .text.merge_chunks
                0x000000000000abb8       0x3c zephyr/libzephyr.a(heap.c.obj)
 .text.free_list_add
                0x000000000000abf4       0x84 zephyr/libzephyr.a(heap.c.obj)
 .text.free_chunk
                0x000000000000ac78       0x84 zephyr/libzephyr.a(heap.c.obj)
 .text.sys_heap_free
                0x000000000000acfc       0x24 zephyr/libzephyr.a(heap.c.obj)
                0x000000000000acfc                sys_heap_free
 .text.sys_heap_alloc
                0x000000000000ad20       0x6e zephyr/libzephyr.a(heap.c.obj)
                0x000000000000ad20                sys_heap_alloc
 .text.sys_heap_aligned_alloc
                0x000000000000ad8e       0xe6 zephyr/libzephyr.a(heap.c.obj)
                0x000000000000ad8e                sys_heap_aligned_alloc
 .text.sys_heap_init
                0x000000000000ae74       0xa4 zephyr/libzephyr.a(heap.c.obj)
                0x000000000000ae74                sys_heap_init
 .text.sys_slist_find_and_remove
                0x000000000000af18       0x36 zephyr/libzephyr.a(onoff.c.obj)
 .text.process_recheck
                0x000000000000af4e       0x38 zephyr/libzephyr.a(onoff.c.obj)
 .text.validate_args
                0x000000000000af86       0x20 zephyr/libzephyr.a(onoff.c.obj)
 .text.notify_one
                0x000000000000afa6       0x2c zephyr/libzephyr.a(onoff.c.obj)
 .text.transition_complete
                0x000000000000afd2       0x1c zephyr/libzephyr.a(onoff.c.obj)
 .text.onoff_manager_init
                0x000000000000afee       0x26 zephyr/libzephyr.a(onoff.c.obj)
                0x000000000000afee                onoff_manager_init
 .text.onoff_request
                0x000000000000b014       0xb0 zephyr/libzephyr.a(onoff.c.obj)
                0x000000000000b014                onoff_request
 .text.onoff_release
                0x000000000000b0c4       0x4a zephyr/libzephyr.a(onoff.c.obj)
                0x000000000000b0c4                onoff_release
 .text.onoff_cancel
                0x000000000000b10e       0x38 zephyr/libzephyr.a(onoff.c.obj)
                0x000000000000b10e                onoff_cancel
 .text.sys_notify_validate
                0x000000000000b146       0x22 zephyr/libzephyr.a(notify.c.obj)
                0x000000000000b146                sys_notify_validate
 .text.sys_notify_finalize
                0x000000000000b168       0x1a zephyr/libzephyr.a(notify.c.obj)
                0x000000000000b168                sys_notify_finalize
 .text.crc16_itu_t
                0x000000000000b182       0x28 zephyr/libzephyr.a(crc16_sw.c.obj)
                0x000000000000b182                crc16_itu_t
 .text.ring_buf_put_claim
                0x000000000000b1aa       0x3a zephyr/libzephyr.a(ring_buffer.c.obj)
                0x000000000000b1aa                ring_buf_put_claim
 .text.ring_buf_put_finish
                0x000000000000b1e4       0x2a zephyr/libzephyr.a(ring_buffer.c.obj)
                0x000000000000b1e4                ring_buf_put_finish
 .text.ring_buf_put
                0x000000000000b20e       0x3e zephyr/libzephyr.a(ring_buffer.c.obj)
                0x000000000000b20e                ring_buf_put
 .text.ring_buf_get_claim
                0x000000000000b24c       0x38 zephyr/libzephyr.a(ring_buffer.c.obj)
                0x000000000000b24c                ring_buf_get_claim
 .text.ring_buf_get_finish
                0x000000000000b284       0x2a zephyr/libzephyr.a(ring_buffer.c.obj)
                0x000000000000b284                ring_buf_get_finish
 .text.ring_buf_get
                0x000000000000b2ae       0x40 zephyr/libzephyr.a(ring_buffer.c.obj)
                0x000000000000b2ae                ring_buf_get
 .text.sys_reboot
                0x000000000000b2ee       0x24 zephyr/libzephyr.a(reboot.c.obj)
                0x000000000000b2ee                sys_reboot
 .text._ConfigAbsSyms
                0x000000000000b312        0x2 zephyr/libzephyr.a(configs.c.obj)
                0x000000000000b312                _ConfigAbsSyms
 .text.flash_area_close
                0x000000000000b314        0x2 zephyr/libzephyr.a(flash_map.c.obj)
                0x000000000000b314                flash_area_close
 .text.flash_area_read
                0x000000000000b316       0x2a zephyr/libzephyr.a(flash_map.c.obj)
                0x000000000000b316                flash_area_read
 .text.flash_area_write
                0x000000000000b340       0x2a zephyr/libzephyr.a(flash_map.c.obj)
                0x000000000000b340                flash_area_write
 .text.flash_area_erase
                0x000000000000b36a       0x28 zephyr/libzephyr.a(flash_map.c.obj)
                0x000000000000b36a                flash_area_erase
 .text.flash_area_align
                0x000000000000b392        0xe zephyr/libzephyr.a(flash_map.c.obj)
                0x000000000000b392                flash_area_align
 .text.flash_area_erased_val
                0x000000000000b3a0        0xe zephyr/libzephyr.a(flash_map.c.obj)
                0x000000000000b3a0                flash_area_erased_val
 .text.get_sectors_cb
                0x000000000000b3ae       0x44 zephyr/libzephyr.a(flash_map_layout.c.obj)
 .text.get_ep_bm_from_addr
                0x000000000000b3f2       0x1e zephyr/libzephyr.a(usb_device.c.obj)
 .text.usb_write
                0x000000000000b410       0x30 zephyr/libzephyr.a(usb_device.c.obj)
                0x000000000000b410                usb_write
 .text.usb_get_dev_data_by_cfg
                0x000000000000b440       0x16 zephyr/libzephyr.a(usb_descriptor.c.obj)
                0x000000000000b440                usb_get_dev_data_by_cfg
 .text.usb_get_dev_data_by_iface
                0x000000000000b456       0x1a zephyr/libzephyr.a(usb_descriptor.c.obj)
                0x000000000000b456                usb_get_dev_data_by_iface
 .text.usb_get_dev_data_by_ep
                0x000000000000b470       0x2c zephyr/libzephyr.a(usb_descriptor.c.obj)
                0x000000000000b470                usb_get_dev_data_by_ep
 .text.usb_transfer_is_busy
                0x000000000000b49c       0x16 zephyr/libzephyr.a(usb_transfer.c.obj)
                0x000000000000b49c                usb_transfer_is_busy
 .text.cdc_interface_config
                0x000000000000b4b2       0x14 zephyr/libzephyr.a(cdc_acm.c.obj)
 .text.cdc_acm_irq_callback_work_handler
                0x000000000000b4c6        0xa zephyr/libzephyr.a(cdc_acm.c.obj)
 .text.cdc_acm_irq_tx_disable
                0x000000000000b4d0        0xa zephyr/libzephyr.a(cdc_acm.c.obj)
 .text.cdc_acm_irq_tx_ready
                0x000000000000b4da        0xe zephyr/libzephyr.a(cdc_acm.c.obj)
 .text.cdc_acm_irq_rx_disable
                0x000000000000b4e8        0xa zephyr/libzephyr.a(cdc_acm.c.obj)
 .text.cdc_acm_irq_rx_ready
                0x000000000000b4f2        0x8 zephyr/libzephyr.a(cdc_acm.c.obj)
 .text.cdc_acm_irq_is_pending
                0x000000000000b4fa       0x1e zephyr/libzephyr.a(cdc_acm.c.obj)
 .text.cdc_acm_irq_update
                0x000000000000b518        0x4 zephyr/libzephyr.a(cdc_acm.c.obj)
 .text.cdc_acm_irq_callback_set
                0x000000000000b51c        0x8 zephyr/libzephyr.a(cdc_acm.c.obj)
 .text.cdc_acm_line_ctrl_get
                0x000000000000b524       0x32 zephyr/libzephyr.a(cdc_acm.c.obj)
 .text.cdc_acm_configure
                0x000000000000b556        0x4 zephyr/libzephyr.a(cdc_acm.c.obj)
 .text.cdc_acm_config_get
                0x000000000000b55a       0x58 zephyr/libzephyr.a(cdc_acm.c.obj)
 .text.cdc_acm_line_ctrl_set
                0x000000000000b5b2       0xbe zephyr/libzephyr.a(cdc_acm.c.obj)
 .text.cdc_acm_fifo_read
                0x000000000000b670       0x54 zephyr/libzephyr.a(cdc_acm.c.obj)
 .text.cdc_acm_poll_in
                0x000000000000b6c4       0x12 zephyr/libzephyr.a(cdc_acm.c.obj)
 .text.abort_function
                0x000000000000b6d6        0x8 zephyr/libzephyr.a(nrf_cc3xx_platform_abort_zephyr.c.obj)
 .text.console_write
                0x000000000000b6de       0x1c zephyr/libzephyr.a(serial_adapter.c.obj)
                0x000000000000b6de                console_write
 .text.erase_range
                0x000000000000b6fa       0x3e zephyr/libzephyr.a(boot_serial.c.obj)
 .text.zcbor_map_decode_bulk
                0x000000000000b738       0xa4 zephyr/libzephyr.a(zcbor_bulk.c.obj)
                0x000000000000b738                zcbor_map_decode_bulk
 .text.z_arm_fatal_error
                0x000000000000b7dc        0x4 zephyr/arch/arch/arm/core/aarch32/libarch__arm__core__aarch32.a(fatal.c.obj)
                0x000000000000b7dc                z_arm_fatal_error
 .text.z_do_kernel_oops
                0x000000000000b7e0        0x8 zephyr/arch/arch/arm/core/aarch32/libarch__arm__core__aarch32.a(fatal.c.obj)
                0x000000000000b7e0                z_do_kernel_oops
 .text.z_irq_spurious
                0x000000000000b7e8        0x8 zephyr/arch/arch/arm/core/aarch32/libarch__arm__core__aarch32.a(irq_manage.c.obj)
                0x000000000000b7e8                z_irq_spurious
 .text.z_arm_nmi
                0x000000000000b7f0        0xe zephyr/arch/arch/arm/core/aarch32/libarch__arm__core__aarch32.a(nmi.c.obj)
                0x000000000000b7f0                z_arm_nmi
 .text.configure_builtin_stack_guard
                0x000000000000b7fe        0x8 zephyr/arch/arch/arm/core/aarch32/libarch__arm__core__aarch32.a(thread.c.obj)
                0x000000000000b7fe                configure_builtin_stack_guard
 .text.arm_cmse_mpu_region_get
                0x000000000000b806       0x12 zephyr/arch/arch/arm/core/aarch32/cortex_m/cmse/libarch__arm__core__aarch32__cortex_m__cmse.a(arm_core_cmse.c.obj)
                0x000000000000b806                arm_cmse_mpu_region_get
 .text.mpu_configure_region
                0x000000000000b818       0x3a zephyr/arch/arch/arm/core/aarch32/mpu/libarch__arm__core__aarch32__mpu.a(arm_mpu.c.obj)
 .text.strlen   0x000000000000b852        0xe zephyr/lib/libc/minimal/liblib__libc__minimal.a(string.c.obj)
                0x000000000000b852                strlen
 .text.memcmp   0x000000000000b860       0x20 zephyr/lib/libc/minimal/liblib__libc__minimal.a(string.c.obj)
                0x000000000000b860                memcmp
 .text.memmove  0x000000000000b880       0x2e zephyr/lib/libc/minimal/liblib__libc__minimal.a(string.c.obj)
                0x000000000000b880                memmove
 .text.memcpy   0x000000000000b8ae       0x16 zephyr/lib/libc/minimal/liblib__libc__minimal.a(string.c.obj)
                0x000000000000b8ae                memcpy
 .text.memset   0x000000000000b8c4       0x12 zephyr/lib/libc/minimal/liblib__libc__minimal.a(string.c.obj)
                0x000000000000b8c4                memset
 .text.sprintf_out
                0x000000000000b8d6       0x1a zephyr/lib/libc/minimal/liblib__libc__minimal.a(sprintf.c.obj)
 .text.setup    0x000000000000b8f0        0x4 zephyr/boards/boards/arm/thingy53_nrf5340_cpuapp/libboards__arm__thingy53_nrf5340.a(board.c.obj)
 .text.ep_ctx_reset
                0x000000000000b8f4       0x26 zephyr/drivers/usb/device/libdrivers__usb__device.a(usb_dc_nrfx.c.obj)
 .text.attached_evt_delay_handler
                0x000000000000b91a        0x6 zephyr/drivers/usb/device/libdrivers__usb__device.a(usb_dc_nrfx.c.obj)
 .text.k_mutex_lock.constprop.0.isra.0
                0x000000000000b920        0x4 zephyr/drivers/usb/device/libdrivers__usb__device.a(usb_dc_nrfx.c.obj)
 .text.k_mutex_unlock.isra.0
                0x000000000000b924        0x4 zephyr/drivers/usb/device/libdrivers__usb__device.a(usb_dc_nrfx.c.obj)
 .text.usb_dc_ep_check_cap
                0x000000000000b928       0x30 zephyr/drivers/usb/device/libdrivers__usb__device.a(usb_dc_nrfx.c.obj)
                0x000000000000b928                usb_dc_ep_check_cap
 .text.usb_dc_ep_disable
                0x000000000000b958       0x32 zephyr/drivers/usb/device/libdrivers__usb__device.a(usb_dc_nrfx.c.obj)
                0x000000000000b958                usb_dc_ep_disable
 .text.usb_dc_ep_read
                0x000000000000b98a       0x1e zephyr/drivers/usb/device/libdrivers__usb__device.a(usb_dc_nrfx.c.obj)
                0x000000000000b98a                usb_dc_ep_read
 .text.get_status
                0x000000000000b9a8       0x12 zephyr/drivers/clock_control/libdrivers__clock_control.a(clock_control_nrf.c.obj)
 .text.set_on_state
                0x000000000000b9ba       0x26 zephyr/drivers/clock_control/libdrivers__clock_control.a(clock_control_nrf.c.obj)
 .text.stop     0x000000000000b9e0       0x54 zephyr/drivers/clock_control/libdrivers__clock_control.a(clock_control_nrf.c.obj)
 .text.api_stop
                0x000000000000ba34        0x6 zephyr/drivers/clock_control/libdrivers__clock_control.a(clock_control_nrf.c.obj)
 .text.async_start
                0x000000000000ba3a       0x5e zephyr/drivers/clock_control/libdrivers__clock_control.a(clock_control_nrf.c.obj)
 .text.api_start
                0x000000000000ba98        0xe zephyr/drivers/clock_control/libdrivers__clock_control.a(clock_control_nrf.c.obj)
 .text.onoff_started_callback
                0x000000000000baa6       0x12 zephyr/drivers/clock_control/libdrivers__clock_control.a(clock_control_nrf.c.obj)
 .text.hfclkaudio_start
                0x000000000000bab8        0x6 zephyr/drivers/clock_control/libdrivers__clock_control.a(clock_control_nrf.c.obj)
 .text.hfclk192m_start
                0x000000000000babe        0x6 zephyr/drivers/clock_control/libdrivers__clock_control.a(clock_control_nrf.c.obj)
 .text.lfclk_start
                0x000000000000bac4        0x6 zephyr/drivers/clock_control/libdrivers__clock_control.a(clock_control_nrf.c.obj)
 .text.hfclkaudio_stop
                0x000000000000baca        0x6 zephyr/drivers/clock_control/libdrivers__clock_control.a(clock_control_nrf.c.obj)
 .text.hfclk192m_stop
                0x000000000000bad0        0x6 zephyr/drivers/clock_control/libdrivers__clock_control.a(clock_control_nrf.c.obj)
 .text.lfclk_stop
                0x000000000000bad6        0x6 zephyr/drivers/clock_control/libdrivers__clock_control.a(clock_control_nrf.c.obj)
 .text.blocking_start_callback
                0x000000000000badc        0x6 zephyr/drivers/clock_control/libdrivers__clock_control.a(clock_control_nrf.c.obj)
 .text.qspi_handler
                0x000000000000bae2        0xc zephyr/drivers/flash/libdrivers__flash.a(nrf_qspi_nor.c.obj)
 .text.qspi_lock.isra.0
                0x000000000000baee       0x24 zephyr/drivers/flash/libdrivers__flash.a(nrf_qspi_nor.c.obj)
 .text.qspi_trans_lock.isra.0
                0x000000000000bb12        0xc zephyr/drivers/flash/libdrivers__flash.a(nrf_qspi_nor.c.obj)
 .text.qspi_unlock.isra.0
                0x000000000000bb1e       0x16 zephyr/drivers/flash/libdrivers__flash.a(nrf_qspi_nor.c.obj)
 .text.qspi_send_cmd
                0x000000000000bb34       0x76 zephyr/drivers/flash/libdrivers__flash.a(nrf_qspi_nor.c.obj)
 .text.qspi_nor_write_protection_set
                0x000000000000bbaa       0x2a zephyr/drivers/flash/libdrivers__flash.a(nrf_qspi_nor.c.obj)
 .text.qspi_rdsr.constprop.0
                0x000000000000bbd4       0x36 zephyr/drivers/flash/libdrivers__flash.a(nrf_qspi_nor.c.obj)
 .text.is_regular_addr_valid
                0x000000000000bc0a       0x22 zephyr/drivers/flash/libdrivers__flash.a(soc_flash_nrf.c.obj)
 .text.flash_nrf_read
                0x000000000000bc2c       0x28 zephyr/drivers/flash/libdrivers__flash.a(soc_flash_nrf.c.obj)
 .text.flash_get_page_info
                0x000000000000bc54       0x62 zephyr/drivers/flash/libdrivers__flash.a(flash_page_layout.c.obj)
 .text.z_impl_flash_get_page_info_by_offs
                0x000000000000bcb6        0x8 zephyr/drivers/flash/libdrivers__flash.a(flash_page_layout.c.obj)
                0x000000000000bcb6                z_impl_flash_get_page_info_by_offs
 .text.flash_page_foreach
                0x000000000000bcbe       0x58 zephyr/drivers/flash/libdrivers__flash.a(flash_page_layout.c.obj)
                0x000000000000bcbe                flash_page_foreach
 .text.gpio_nrfx_port_get_raw
                0x000000000000bd16        0xc zephyr/drivers/gpio/libdrivers__gpio.a(gpio_nrfx.c.obj)
 .text.gpio_nrfx_port_set_masked_raw
                0x000000000000bd22       0x14 zephyr/drivers/gpio/libdrivers__gpio.a(gpio_nrfx.c.obj)
 .text.gpio_nrfx_port_set_bits_raw
                0x000000000000bd36        0xa zephyr/drivers/gpio/libdrivers__gpio.a(gpio_nrfx.c.obj)
 .text.gpio_nrfx_port_clear_bits_raw
                0x000000000000bd40        0xa zephyr/drivers/gpio/libdrivers__gpio.a(gpio_nrfx.c.obj)
 .text.gpio_nrfx_port_toggle_bits
                0x000000000000bd4a       0x14 zephyr/drivers/gpio/libdrivers__gpio.a(gpio_nrfx.c.obj)
 .text.gpio_nrfx_manage_callback
                0x000000000000bd5e       0x52 zephyr/drivers/gpio/libdrivers__gpio.a(gpio_nrfx.c.obj)
 .text.z_impl_hwinfo_get_device_id